0000015a A num_got_entries
ffffffff9f000000 T _start
ffffffff9f000400 t reset
ffffffff9f0004e0 t rel_start
ffffffff9f00054c T relocate_code
ffffffff9f0005a8 t in_ram
ffffffff9f000608 T ath_ddr_tap_cal
ffffffff9f000668 t _poll_for_RTC_ON
ffffffff9f000674 t _CHANGE_TAPS
ffffffff9f00071c t _bist_done_poll
ffffffff9f000764 t pass_tap
ffffffff9f0007b8 t _first_pass
ffffffff9f0007d8 t _iterate_tap
ffffffff9f000800 t _STOP_TEST
ffffffff9f00081c t _load_center_tap
ffffffff9f00083c t _load_tap_into_reg
ffffffff9f000858 t romReserved
ffffffff9f00085c t romExcHandle
ffffffff9f000860 T autoscript
ffffffff9f000a58 T do_autoscript
ffffffff9f000ad0 T do_bdinfo
ffffffff9f000c50 T do_go
ffffffff9f000d70 T gunzip
ffffffff9f000f54 t zfree
ffffffff9f000f6c t zalloc
ffffffff9f000f90 T print_image_hdr
ffffffff9f001398 t image_info
ffffffff9f0014dc T do_iminfo
ffffffff9f0015c4 T do_bootd
ffffffff9f001614 T do_bootm
ffffffff9f001e30 T do_coninfo
ffffffff9f001fd0 T valid_elf_image
ffffffff9f00204c T load_elf_image
ffffffff9f0021d4 T do_bootvx
ffffffff9f002470 T do_bootelf
ffffffff9f002590 t flash_fill_sect_ranges
ffffffff9f002730 T flash_sect_protect
ffffffff9f002890 t addr_spec
ffffffff9f002a30 t abbrev_spec
ffffffff9f002bf4 T do_protect
ffffffff9f002fa8 T flash_sect_erase
ffffffff9f0030d8 T do_flerase
ffffffff9f00331c T do_flinfo
ffffffff9f0033c0 t evalexp
ffffffff9f003444 T binary_test
ffffffff9f0036f8 T do_itest
ffffffff9f0037f0 T do_mem_base
ffffffff9f00385c T do_mem_crc
ffffffff9f003988 T do_mem_mtest
ffffffff9f003b6c T cmd_get_data_size
ffffffff9f003c18 T do_mem_loop
ffffffff9f003d88 T do_mem_cp
ffffffff9f003f60 T do_mem_cmp
ffffffff9f004178 T do_mem_mw
ffffffff9f0042c8 t mod_mem
ffffffff9f0044f0 T do_mem_nm
ffffffff9f004538 T do_mem_mm
ffffffff9f004580 T do_mem_md
ffffffff9f004840 t extract_range
ffffffff9f0048cc T MII_dump_0_to_5
ffffffff9f004c14 T do_mac
ffffffff9f004db4 T do_mii
ffffffff9f005430 T do_sleep
ffffffff9f005530 T do_ping
ffffffff9f0055fc t netboot_common
ffffffff9f0059ac T do_nfs
ffffffff9f0059cc T do_dhcp
ffffffff9f0059ec T do_tftpb
ffffffff9f005a0c T do_rarpb
ffffffff9f005a2c T do_bootp
ffffffff9f005a50 t envmatch
ffffffff9f005b0c T getenv_r
ffffffff9f005c48 T do_saveenv
ffffffff9f005c9c T getenv
ffffffff9f005d94 T _do_setenv
ffffffff9f006504 T do_setenv
ffffffff9f00656c T setenv
ffffffff9f0065c0 T do_printenv
ffffffff9f006840 t pci_classes_str
ffffffff9f0069ec T pci_header_show
ffffffff9f0077c8 T pci_header_show_brief
ffffffff9f007890 T pciinfo
ffffffff9f007a54 t pci_cfg_write
ffffffff9f007abc t pci_cfg_modify
ffffffff9f007cac T do_pci
ffffffff9f008200 T do_ethreg
ffffffff9f0084d0 T do_pll
ffffffff9f00870c T do_srifpll
ffffffff9f0088c0 T find_cmd
ffffffff9f0089c0 T do_echo
ffffffff9f008abc T do_help
ffffffff9f008d38 T do_version
ffffffff9f008d78 T do_exit
ffffffff9f008dcc T do_test
ffffffff9f009570 t console_setfile
ffffffff9f009650 T fgetc
ffffffff9f00968c T ftstc
ffffffff9f0096c8 T fputc
ffffffff9f009704 T fputs
ffffffff9f00973c T disable_ctrlc
ffffffff9f009758 T had_ctrlc
ffffffff9f009770 T clear_ctrlc
ffffffff9f009788 T dbg
ffffffff9f009798 T console_init_f
ffffffff9f0097a8 T console_assign
ffffffff9f0098c8 T fprintf
ffffffff9f00993c T puts
ffffffff9f009970 T vprintf
ffffffff9f0099c8 T printf
ffffffff9f009a34 T console_init_r
ffffffff9f009ca0 T serial_printf
ffffffff9f009d0c T putc
ffffffff9f009d44 T tstc
ffffffff9f009d74 T getc
ffffffff9f009da4 T ctrlc
ffffffff9f009e30 T devices_done
ffffffff9f009e6c T device_register
ffffffff9f009eb0 T devices_init
ffffffff9f009fc0 T malloc_bin_reloc
ffffffff9f00a004 T malloc_usable_size
ffffffff9f00a05c T mallopt
ffffffff9f00a0f0 T malloc_trim
ffffffff9f00a210 T free
ffffffff9f00a460 T cfree
ffffffff9f00a478 T malloc
ffffffff9f00ab50 T memalign
ffffffff9f00acd4 T pvalloc
ffffffff9f00acf8 T valloc
ffffffff9f00ad14 T calloc
ffffffff9f00ae20 T realloc
ffffffff9f00b360 T env_get_char_memory
ffffffff9f00b394 T env_get_addr
ffffffff9f00b3c0 t env_get_char_init
ffffffff9f00b3f0 T env_crc_update
ffffffff9f00b440 T env_relocate
ffffffff9f00b530 T env_get_char_spec
ffffffff9f00b540 T env_relocate_spec
ffffffff9f00b564 T saveenv
ffffffff9f00b68c T env_init
ffffffff9f00b710 T simple_itoa
ffffffff9f00b760 t static_get
ffffffff9f00b77c t static_peek
ffffffff9f00b788 t file_peek
ffffffff9f00b794 T mapset
ffffffff9f00b7c8 T u_boot_hush_start
ffffffff9f00b874 t file_get
ffffffff9f00bb04 t xmalloc
ffffffff9f00bb54 T new_pipe
ffffffff9f00bba0 t free_pipe_list
ffffffff9f00bd00 t xrealloc
ffffffff9f00bd50 t done_command
ffffffff9f00be10 t initialize_context
ffffffff9f00be74 t done_pipe
ffffffff9f00bf08 T reserved_word
ffffffff9f00c118 t b_addchr
ffffffff9f00c1dc t done_word
ffffffff9f00c3ec t b_addqchr
ffffffff9f00c484 t insert_var_value
ffffffff9f00c748 t set_local_var
ffffffff9f00c9cc T update_ifs_map
ffffffff9f00ca78 t parse_stream_outer
ffffffff9f00d250 T parse_file_outer
ffffffff9f00d2b4 T parse_string_outer
ffffffff9f00d424 t run_list_real
ffffffff9f00dea0 T GetHandleSize
ffffffff9f00dea8 T ListSetAllocationPolicy
ffffffff9f00deb8 T ListGetPtrToItem
ffffffff9f00def4 T ListGetDataPtr
ffffffff9f00df00 T ListGetItemSize
ffffffff9f00df0c T ListNumItems
ffffffff9f00df18 T ListGetItems
ffffffff9f00df70 T SetHandleSize
ffffffff9f00e024 T ListInsertItems
ffffffff9f00e254 T ListInsertItem
ffffffff9f00e26c T DisposeHandle
ffffffff9f00e2c8 T ListDispose
ffffffff9f00e2e0 T NewHandle
ffffffff9f00e38c T ListCreate
ffffffff9f00e410 T miiphy_init
ffffffff9f00e438 T miiphy_get_current_dev
ffffffff9f00e460 T miiphy_listdev
ffffffff9f00e52c T miiphy_write
ffffffff9f00e5f0 T miiphy_read
ffffffff9f00e6b0 T miiphy_link
ffffffff9f00e754 T miiphy_duplex
ffffffff9f00e830 T miiphy_speed
ffffffff9f00e90c T miiphy_reset
ffffffff9f00ea48 T miiphy_info
ffffffff9f00eb94 T miiphy_set_current_dev
ffffffff9f00ec34 T miiphy_register
ffffffff9f00ede0 T addr2info
ffffffff9f00ee30 T flash_perror
ffffffff9f00ef64 T flash_protect
ffffffff9f00f128 T flash_write
ffffffff9f00f2c0 T do_run
ffffffff9f00f38c T run_command
ffffffff9f00f8e0 t delete_char
ffffffff9f00fa44 T readline
ffffffff9f00fcfc T main_loop
ffffffff9f00fea0 t ar7240_spi_poll
ffffffff9f00ff2c T write_buff
ffffffff9f010194 T flash_erase
ffffffff9f0103c8 T flash_print_info
ffffffff9f0103e4 T flash_init
ffffffff9f010560 T athrs27_reg_write
ffffffff9f0106cc T athrs27_reg_read
ffffffff9f010840 T athrs27_mdc_check
ffffffff9f0108b8 T s27_wr_phy
ffffffff9f0109d4 T athrs27_force_100M
ffffffff9f010a98 T athrs27_sleep_off
ffffffff9f010aec T athrs27_powersave_off
ffffffff9f010b40 T athrs27_force_10M
ffffffff9f010bac T s27_rd_phy
ffffffff9f010cc4 T athrs27_phy_is_up
ffffffff9f010e5c T athrs27_phy_is_link_alive
ffffffff9f010eac T athrs27_reg_rmw
ffffffff9f010f00 T athrs27_reg_init
ffffffff9f010f54 T athrs27_phy_speed
ffffffff9f0110f8 T athrs27_phy_is_fdx
ffffffff9f0111f8 T athrs27_phy_setup
ffffffff9f011440 T athrs27_reg_init_lan
ffffffff9f011670 T ar934x_lowlevel_init
ffffffff9f011670 T lowlevel_init
ffffffff9f0116ac t setup_ref40_val
ffffffff9f0116c0 t setup_ref25_val
ffffffff9f011704 t read_from_flash
ffffffff9f01171c t pll_bypass_set
ffffffff9f01177c t init_cpu_pll
ffffffff9f011790 t init_ddr_pll
ffffffff9f0117a4 t init_ahb_pll
ffffffff9f0117b8 t pll_pwd_unset
ffffffff9f0117fc t outdiv_unset
ffffffff9f011840 t pll_bypass_unset
ffffffff9f0118a0 t ddr_pll_dither_unset
ffffffff9f0118ac t cpu_pll_dither_unset
ffffffff9f0118d0 T ar934x_1_dot_1_lowlevel_init
ffffffff9f011948 t setup_ref40_val
ffffffff9f011964 t setup_ref25_val
ffffffff9f0119c8 t read_from_flash
ffffffff9f0119e0 t pll_bypass_set
ffffffff9f011a40 t init_cpu_pll
ffffffff9f011a50 t init_ddr_pll
ffffffff9f011a64 t init_ahb_pll
ffffffff9f011a78 t pll_pwd_unset
ffffffff9f011a78 t srif_set
ffffffff9f011ae0 t read_srif_from_flash
ffffffff9f011afc t cpu_pll_is_not_locked
ffffffff9f011b68 t cpu_clear_do_meas1
ffffffff9f011b84 t cpu_set_do_meas
ffffffff9f011ba4 t cpu_wait_for_meas_done
ffffffff9f011bb8 t cpu_clear_do_meas2
ffffffff9f011bd4 t cpu_read_sqsum_dvc
ffffffff9f011c0c t ddr_pll_is_not_locked
ffffffff9f011c74 t ddr_clear_do_meas1
ffffffff9f011c90 t ddr_set_do_meas
ffffffff9f011cb0 t ddr_wait_for_meas_done
ffffffff9f011cc4 t ddr_clear_do_meas2
ffffffff9f011ce0 t ddr_read_sqsum_dvc
ffffffff9f011d10 t pll_bypass_unset
ffffffff9f011d70 t ddr_pll_dither_unset
ffffffff9f011d7c t cpu_pll_dither_unset
ffffffff9f011da0 T flash_get_geom
ffffffff9f011e40 T write_one_tlb
ffffffff9f011e78 T flush_cache
ffffffff9f011ea0 T do_reset
ffffffff9f011f20 T enable_interrupts
ffffffff9f011f28 T disable_interrupts
ffffffff9f011f30 T simple_mips_cache_reset
ffffffff9f011f54 t _arai_icache_loop
ffffffff9f011f6c t _arai_dcache_loop
ffffffff9f011f84 T mips_cache_reset
ffffffff9f012128 T dcache_status
ffffffff9f012138 T dcache_disable
ffffffff9f012154 T mips_cache_lock
ffffffff9f0121b0 T dcache_flush_range
ffffffff9f0121bc t cache_loop_d_flush_range
ffffffff9f0121d8 T mips_cache_flush
ffffffff9f0121f8 t cache_loop_flush
ffffffff9f01221c t cache_loop_d_flush
ffffffff9f012238 T mips_icache_flush_ix
ffffffff9f012258 t icache_loop_flush_ix
ffffffff9f012274 T mips_cache_lock_24k
ffffffff9f012294 t cache_loop_lock
ffffffff9f0122d0 T ar7240_sys_frequency
ffffffff9f01233c T serial_init
ffffffff9f0123a4 T serial_tstc
ffffffff9f0123b8 T serial_getc
ffffffff9f0123fc T serial_putc
ffffffff9f012468 T serial_setbrg
ffffffff9f012470 T serial_puts
ffffffff9f0124d0 t ag7240_halt
ffffffff9f01251c T ag7240_mac_addr_loc
ffffffff9f012524 T ag7240_miiphy_write
ffffffff9f01272c T ag7240_miiphy_read
ffffffff9f012998 T ag7240_mii_setup
ffffffff9f012a6c t ag7240_alloc_fifo
ffffffff9f012b1c T ag7240_enet_initialize
ffffffff9f013460 t ag7240_recv
ffffffff9f0135ac t ag7240_send
ffffffff9f013708 t ag7240_clean_rx
ffffffff9f013d80 T sbrk
ffffffff9f013dd4 T hang
ffffffff9f013e04 t init_func_ram
ffffffff9f013e9c t display_banner
ffffffff9f013edc t init_baudrate
ffffffff9f013f64 T board_init_r
ffffffff9f014288 T board_init_f
ffffffff9f0144a0 T timer_init
ffffffff9f0144b4 T reset_timer
ffffffff9f0144c4 T get_timer
ffffffff9f0144d0 T set_timer
ffffffff9f0144dc T udelay
ffffffff9f014538 T get_ticks
ffffffff9f014544 T get_tbclk
ffffffff9f014550 T wasp_set_cca
ffffffff9f01456c t linux_env_set
ffffffff9f014694 T do_bootm_linux
ffffffff9f014e20 T test_addr_bus
ffffffff9f014f88 T post_log
ffffffff9f014ff8 T ddr_test
ffffffff9f015160 T crc32_be
ffffffff9f0151b0 T make_magic_data
ffffffff9f015220 T crc_kernel1
ffffffff9f015520 T crc_kernel2
ffffffff9f015834 T crc_flash
ffffffff9f015b40 T pci_hose_read_config_byte
ffffffff9f015b4c T pci_hose_read_config_word
ffffffff9f015b58 T pci_hose_read_config_dword
ffffffff9f015b64 T pci_hose_write_config_byte
ffffffff9f015b70 T pci_hose_write_config_word
ffffffff9f015b7c T pci_hose_write_config_dword
ffffffff9f015b88 T pci_hose_read_config_byte_via_dword
ffffffff9f015bf8 T pci_hose_read_config_word_via_dword
ffffffff9f015c6c T pci_hose_write_config_byte_via_dword
ffffffff9f015d34 T pci_hose_write_config_word_via_dword
ffffffff9f015dfc T pci_register_hose
ffffffff9f015e30 T pci_find_config
ffffffff9f015ee4 T pci_cfgfunc_do_nothing
ffffffff9f015eec T pci_init
ffffffff9f015f04 T pci_hose_scan_bus
ffffffff9f016104 T pci_hose_scan
ffffffff9f01611c T pci_hose_config_device
ffffffff9f01638c T pci_cfgfunc_config_device
ffffffff9f0163d0 T pci_hose_bus_to_phys
ffffffff9f0164a8 T pci_hose_phys_to_bus
ffffffff9f016570 T pci_bus_to_hose
ffffffff9f0165e8 T pci_write_config_dword
ffffffff9f016674 T pci_write_config_word
ffffffff9f016700 T pci_write_config_byte
ffffffff9f01678c T pci_read_config_dword
ffffffff9f01681c T pci_read_config_word
ffffffff9f0168b0 T pci_read_config_byte
ffffffff9f016944 T pci_find_devices
ffffffff9f016ab0 T pci_find_device
ffffffff9f016ae0 t startAgainTimeout
ffffffff9f016afc t startAgainHandler
ffffffff9f016b04 T NetSetHandler
ffffffff9f016b1c T NetCksum
ffffffff9f016b54 T NetCksumOk
ffffffff9f016b94 T NetEthHdrSize
ffffffff9f016bcc T copy_filename
ffffffff9f016c14 T string_to_VLAN
ffffffff9f016c70 T getenv_VLAN
ffffffff9f016cac T string_to_ip
ffffffff9f016d68 T getenv_IPaddr
ffffffff9f016da4 T VLAN_to_string
ffffffff9f016e00 T ip_to_string
ffffffff9f016e58 T print_IPaddr
ffffffff9f016ea8 T NetSetIP
ffffffff9f016fd8 T NetSetEther
ffffffff9f017088 t PingHandler
ffffffff9f0170e8 T NetSendPacket
ffffffff9f017100 T ArpRequest
ffffffff9f017270 T NetReceive
ffffffff9f0177c0 T PingSend
ffffffff9f017984 T NetSetTimeout
ffffffff9f0179e8 T NetSendUDPPacket
ffffffff9f017bc8 t PingTimeout
ffffffff9f017c08 T NetStartAgain
ffffffff9f017d78 T ArpTimeoutCheck
ffffffff9f017e34 T NetLoop
ffffffff9f018500 t TftpSend
ffffffff9f01870c T TftpStart
ffffffff9f0189dc t TftpTimeout
ffffffff9f018a70 t TftpHandler
ffffffff9f018d80 t DhcpExtended
ffffffff9f018ebc t DhcpOptionsProcess
ffffffff9f019184 T BootpRequest
ffffffff9f019420 T DhcpRequest
ffffffff9f019438 t BootpCopyNetParams
ffffffff9f019550 t DhcpHandler
ffffffff9f019af4 t BootpTimeout
ffffffff9f019b70 T RarpRequest
ffffffff9f019cb4 t RarpHandler
ffffffff9f019d6c t RarpTimeout
ffffffff9f019de0 T eth_get_dev
ffffffff9f019df8 T eth_get_dev_by_name
ffffffff9f019e60 T eth_get_dev_index
ffffffff9f019eb4 T eth_halt
ffffffff9f019f0c T eth_send
ffffffff9f019f40 T eth_rx
ffffffff9f019f6c T eth_get_name
ffffffff9f019f98 T eth_set_current
ffffffff9f01a068 T eth_try_another
ffffffff9f01a154 T eth_register
ffffffff9f01a244 T eth_init
ffffffff9f01a328 T eth_set_enetaddr
ffffffff9f01a478 T eth_initialize
ffffffff9f01a720 t NfsTimeout
ffffffff9f01a764 t basename
ffffffff9f01a7d0 t rpc_add_credentials
ffffffff9f01a8d8 t rpc_lookup_reply
ffffffff9f01a994 t nfs_mount_reply
ffffffff9f01aa40 t nfs_umountall_reply
ffffffff9f01aadc t nfs_lookup_reply
ffffffff9f01ab7c t rpc_req
ffffffff9f01ac90 t nfs_mount_req
ffffffff9f01ad7c t nfs_umountall_req
ffffffff9f01ae08 t nfs_lookup_req
ffffffff9f01af14 t nfs_read_req
ffffffff9f01afd0 t nfs_readlink_req
ffffffff9f01b068 t NfsSend
ffffffff9f01b1b4 T NfsStart
ffffffff9f01b51c t nfs_readlink_reply
ffffffff9f01b664 t nfs_read_reply
ffffffff9f01b7c8 t NfsHandler
ffffffff9f01bad0 T GregorianDay
ffffffff9f01bbec T to_tm
ffffffff9f01bcd8 T mktime
ffffffff9f01bd90 T crc32
ffffffff9f01bf20 T print_size
ffffffff9f01c004 T display_options
ffffffff9f01c050 T strnicmp
ffffffff9f01c0d8 T strcat
ffffffff9f01c104 T strncat
ffffffff9f01c158 T strchr
ffffffff9f01c188 T strlen
ffffffff9f01c1a0 T strrchr
ffffffff9f01c214 T strnlen
ffffffff9f01c23c T strspn
ffffffff9f01c278 T strpbrk
ffffffff9f01c2b0 T strtok
ffffffff9f01c36c T strsep
ffffffff9f01c3d0 T strswab
ffffffff9f01c420 T memset
ffffffff9f01c444 T memcpy
ffffffff9f01c470 T memmove
ffffffff9f01c4d4 T memcmp
ffffffff9f01c50c T strstr
ffffffff9f01c5c8 T memchr
ffffffff9f01c5f4 T strdup
ffffffff9f01c670 T simple_strtoul
ffffffff9f01c740 T simple_strtol
ffffffff9f01c790 t number
ffffffff9f01c9d4 T panic
ffffffff9f01ca5c T vsprintf
ffffffff9f01cf1c T sprintf
ffffffff9f01cf60 t falloc
ffffffff9f01cf90 t ffree
ffffffff9f01cf98 t inflate_trees_free
ffffffff9f01cff8 t huft_build
ffffffff9f01d5ec t inflate_trees_fixed
ffffffff9f01d824 t inflate_blocks_reset
ffffffff9f01d958 T inflateEnd
ffffffff9f01da20 T inflateReset
ffffffff9f01da94 T inflateSync
ffffffff9f01dbc4 T inflateInit2
ffffffff9f01dd64 T inflateInit
ffffffff9f01dd7c T adler32
ffffffff9f01dedc T inflateIncomp
ffffffff9f01e060 t inflate_flush
ffffffff9f01e228 T inflate
ffffffff9f01fed0 T lzma_inflate
ffffffff9f020190 T LzmaDecode
ffffffff9f020dac T LzmaDecodeProperties
ffffffff9f020e80 t dummy
ffffffff9f020e88 T get_version
ffffffff9f020e90 T jumptable_init
ffffffff9f020f40 T wasp_gpio_config
ffffffff9f020fa8 T checkboard
ffffffff9f020fe4 T ath_set_tuning_caps
ffffffff9f021080 T wasp_usb_initial_config
ffffffff9f0211d0 T wasp_mem_config
ffffffff9f0212b8 T initdram
ffffffff9f0212d0 T pci_init_board
ffffffff9f0212d8 T __print_llx
ffffffff9f0213e8 T plat_dev_init
ffffffff9f0215a0 T ar7240_ddr_tap_set
ffffffff9f0215d0 T ar7240_ddr_find_size
ffffffff9f021614 T wasp_ddr_initial_config
ffffffff9f021d10 T __udivdi3
ffffffff9f022250 T __umoddi3
ffffffff9f022890 r C.79.2881
ffffffff9f0228b0 r __func__.2658
ffffffff9f0228bc r __func__.2639
ffffffff9f0228c8 r __func__.2418
ffffffff9f0228e0 r __func__.3435
ffffffff9f0228f4 r __func__.3383
ffffffff9f022908 r __func__.3214
ffffffff9f022920 R version_string
ffffffff9f022950 R otherpattern
ffffffff9f022958 r pattern
ffffffff9f022a50 r C.19.2024
ffffffff9f022a80 r crc_table
ffffffff9f022ef4 r border
ffffffff9f022f40 r inflate_mask
ffffffff9f022f90 r __func__.2010
ffffffff9f022fb0 R __clz_tab
ffffffff9f0293c0 D load_addr
ffffffff9f0293d0 D dp_last_length
ffffffff9f0293e0 D ShortPCIListing
ffffffff9f0293f0 d trim_threshold
ffffffff9f0293f4 d mmap_threshold
ffffffff9f0293f8 d sbrk_base
ffffffff9f029400 D default_environment
ffffffff9f029680 D env_ptr
ffffffff9f029690 d erase_seq
ffffffff9f029694 d tab_seq
ffffffff9f0296a0 d athrPhyInfo
ffffffff9f029730 D kernel_crc_addr
ffffffff9f029734 D rootfs_crc_addr
ffffffff9f029738 D kernel_lenth_addr
ffffffff9f02973c D rootfs_lenth_addr
ffffffff9f029740 D kernel2_crc_addr
ffffffff9f029744 D rootfs2_crc_addr
ffffffff9f029748 D kernel2_lenth_addr
ffffffff9f02974c D rootfs2_lenth_addr
ffffffff9f029750 D kernel_crc_start
ffffffff9f029754 D rootfs_crc_start
ffffffff9f029758 D boot_flag_addr
ffffffff9f02975c D boot_mark_addr
ffffffff9f029760 D kernel2_crc_start
ffffffff9f029764 D rootfs2_crc_start
ffffffff9f029768 D magic_begin
ffffffff9f02976c D magic_end
ffffffff9f029770 D NetBcastAddr
ffffffff9f029776 D NetOurVLAN
ffffffff9f029778 D NetOurNativeVLAN
ffffffff9f029780 d nfs_offset
ffffffff9f029790 d month_days
ffffffff9f0297c0 D _ctype
ffffffff9f0298c0 d cplens
ffffffff9f02993c d cplext
ffffffff9f0299b8 d cpdist
ffffffff9f029a30 d cpdext
ffffffff9f029aa8 d fixed_left
ffffffff9f029ab0 D tap_settings
ffffffff9f029abc D tap_pattern
ffffffff9f029ad0 D op_table
ffffffff9f029b38 D reg_0_5_desc_tbl
ffffffff9f029b68 D reg_0_desc_tbl
ffffffff9f029be0 D reg_1_desc_tbl
ffffffff9f029ca0 D reg_2_desc_tbl
ffffffff9f029cac D reg_3_desc_tbl
ffffffff9f029cd0 D reg_4_desc_tbl
ffffffff9f029d60 D reg_5_desc_tbl
ffffffff9f029df0 D stdio_names
ffffffff9f029dfc d av_
ffffffff9f02a204 D env_get_char
ffffffff9f02a208 D env_name_spec
ffffffff9f02a20c d reserved_list
ffffffff9f02a290 D zlib_version
ffffffff9f02a294 D z_errmsg
ffffffff9f02a2b4 D desc_and_len_tbl
ffffffff9f02a2e4 D init_sequence
ffffffff9f02a308 d failed
ffffffff9f02a30c d kCantAllocateMessage
ffffffff9f02a340 A __got_start
ffffffff9f02a340 A _gp
ffffffff9f02a340 D _GLOBAL_OFFSET_TABLE_
ffffffff9f02a8a8 A __got_end
ffffffff9f02a8a8 A __u_boot_cmd_start
ffffffff9f02a8a8 D __u_boot_cmd_autoscr
ffffffff9f02a8c0 D __u_boot_cmd_bdinfo
ffffffff9f02a8d8 D __u_boot_cmd_go
ffffffff9f02a8f0 D __u_boot_cmd_reset
ffffffff9f02a908 D __u_boot_cmd_bootm
ffffffff9f02a920 D __u_boot_cmd_boot
ffffffff9f02a938 D __u_boot_cmd_bootd
ffffffff9f02a950 D __u_boot_cmd_iminfo
ffffffff9f02a968 D __u_boot_cmd_coninfo
ffffffff9f02a980 D __u_boot_cmd_bootelf
ffffffff9f02a998 D __u_boot_cmd_bootvx
ffffffff9f02a9b0 D __u_boot_cmd_flinfo
ffffffff9f02a9c8 D __u_boot_cmd_protect
ffffffff9f02a9e0 D __u_boot_cmd_erase
ffffffff9f02a9f8 D __u_boot_cmd_itest
ffffffff9f02aa10 D __u_boot_cmd_cmp
ffffffff9f02aa28 D __u_boot_cmd_crc32
ffffffff9f02aa40 D __u_boot_cmd_base
ffffffff9f02aa58 D __u_boot_cmd_loop
ffffffff9f02aa70 D __u_boot_cmd_md
ffffffff9f02aa88 D __u_boot_cmd_mm
ffffffff9f02aaa0 D __u_boot_cmd_nm
ffffffff9f02aab8 D __u_boot_cmd_mw
ffffffff9f02aad0 D __u_boot_cmd_mtest
ffffffff9f02aae8 D __u_boot_cmd_cp
ffffffff9f02ab00 D __u_boot_cmd_mii
ffffffff9f02ab18 D __u_boot_cmd_progmac
ffffffff9f02ab30 D __u_boot_cmd_sleep
ffffffff9f02ab48 D __u_boot_cmd_bootp
ffffffff9f02ab60 D __u_boot_cmd_rarpboot
ffffffff9f02ab78 D __u_boot_cmd_tftpboot
ffffffff9f02ab90 D __u_boot_cmd_dhcp
ffffffff9f02aba8 D __u_boot_cmd_nfs
ffffffff9f02abc0 D __u_boot_cmd_ping
ffffffff9f02abd8 D __u_boot_cmd_printenv
ffffffff9f02abf0 D __u_boot_cmd_setenv
ffffffff9f02ac08 D __u_boot_cmd_saveenv
ffffffff9f02ac20 D __u_boot_cmd_run
ffffffff9f02ac38 D __u_boot_cmd_pci
ffffffff9f02ac50 D __u_boot_cmd_ethreg
ffffffff9f02ac68 D __u_boot_cmd_pll
ffffffff9f02ac80 D __u_boot_cmd_srifpll
ffffffff9f02ac98 D __u_boot_cmd_version
ffffffff9f02acb0 D __u_boot_cmd_echo
ffffffff9f02acc8 D __u_boot_cmd_test
ffffffff9f02ace0 D __u_boot_cmd_exit
ffffffff9f02acf8 D __u_boot_cmd_help
ffffffff9f02ad10 D __u_boot_cmd_question_mark
ffffffff9f02ad28 A __u_boot_cmd_end
ffffffff9f02ad28 A uboot_end_data
ffffffff9f02ad30 b base_address
ffffffff9f02ad40 b reg
ffffffff9f02ad44 b val
ffffffff9f02ad48 b rd_value
ffffffff9f02ad4c b portnum
ffffffff9f02ad50 b ctrlc_was_pressed
ffffffff9f02ad54 b ctrlc_disabled
ffffffff9f02ad60 B devlist
ffffffff9f02ad64 B stdio_devices
ffffffff9f02ad70 b top_pad
ffffffff9f02ad74 b n_mmaps_max
ffffffff9f02ad78 b current_mallinfo
ffffffff9f02ada0 b max_sbrked_mem
ffffffff9f02ada4 b max_total_mem
ffffffff9f02adb0 b top_vars
ffffffff9f02adb4 b flag_repeat
ffffffff9f02adb8 b do_repeat
ffffffff9f02adbc b the_command.2305
ffffffff9f02afbc b buf.2740
ffffffff9f02afe4 b local.2277
ffffffff9f02affc b ifs
ffffffff9f02b000 b map
ffffffff9f02b100 b mii_devs
ffffffff9f02b108 b current_mii
ffffffff9f02b110 b mem_malloc_start
ffffffff9f02b114 b mem_malloc_end
ffffffff9f02b118 b mem_malloc_brk
ffffffff9f02b120 b linux_argc
ffffffff9f02b124 b linux_argv
ffffffff9f02b128 b linux_env
ffffffff9f02b12c b linux_env_p
ffffffff9f02b130 b linux_env_idx
ffffffff9f02b140 b ids.2923
ffffffff9f02b150 b hose_head
ffffffff9f02b160 B NetOurSubnetMask
ffffffff9f02b164 B NetOurGatewayIP
ffffffff9f02b168 B NetOurDNSIP
ffffffff9f02b16c B NetOurNISDomain
ffffffff9f02b18c B NetOurHostName
ffffffff9f02b1ac B NetOurRootPath
ffffffff9f02b1ec B NetBootFileSize
ffffffff9f02b1f0 B NetServerEther
ffffffff9f02b1f8 B NetEtherNullAddr
ffffffff9f02b200 B NetRestartWrap
ffffffff9f02b204 B NetTxPacket
ffffffff9f02b208 b mac.2541
ffffffff9f02b210 b NetRestarted
ffffffff9f02b214 b NetDevExists
ffffffff9f02b218 b packetHandler
ffffffff9f02b21c b timeHandler
ffffffff9f02b220 b timeStart
ffffffff9f02b224 b timeDelta
ffffffff9f02b228 b PingSeqNo
ffffffff9f02b230 b TftpServerPort
ffffffff9f02b234 b TftpOurPort
ffffffff9f02b238 b TftpTimeoutCount
ffffffff9f02b23c b TftpBlock
ffffffff9f02b240 b TftpLastBlock
ffffffff9f02b244 b TftpBlockWrap
ffffffff9f02b248 b TftpBlockWrapOffset
ffffffff9f02b24c b TftpState
ffffffff9f02b250 b default_filename
ffffffff9f02b260 b tftp_filename
ffffffff9f02b270 B dhcp_state
ffffffff9f02b274 B dhcp_leasetime
ffffffff9f02b278 B NetDHCPServerIP
ffffffff9f02b280 b first_failed.2483
ffffffff9f02b284 b eth_devices
ffffffff9f02b288 b eth_current
ffffffff9f02b290 b rpc_id
ffffffff9f02b294 b fs_mounted
ffffffff9f02b298 b nfs_len
ffffffff9f02b29c b dirfh
ffffffff9f02b2bc b filefh
ffffffff9f02b2dc b NfsDownloadState
ffffffff9f02b2e0 b NfsServerIP
ffffffff9f02b2e4 b NfsSrvMountPort
ffffffff9f02b2e8 b NfsSrvNfsPort
ffffffff9f02b2ec b NfsOurPort
ffffffff9f02b2f0 b NfsTimeoutCount
ffffffff9f02b2f4 b NfsState
ffffffff9f02b2f8 b default_filename
ffffffff9f02b338 b nfs_filename
ffffffff9f02b33c b nfs_path
ffffffff9f02b340 b nfs_path_buff
ffffffff9f02bb40 b fixed_lock
ffffffff9f02bb44 b fixed_built
ffffffff9f02bb48 b fixed_mem
ffffffff9f02cbd8 b fixed_bl
ffffffff9f02cbdc b fixed_bd
ffffffff9f02cbe0 b fixed_tl
ffffffff9f02cbe4 b fixed_td
ffffffff9f02cbf0 b rpos
ffffffff9f02cc00 B header
ffffffff9f02cc40 B console_buffer
ffffffff9f02ce40 B flash_info
ffffffff9f02d34c B config_magic_data
ffffffff9f03d34c B NetRxPackets
ffffffff9f03d38c B BootFile
ffffffff9f03d40c B NetArpWaitPacketBuf
ffffffff9f03da2c B PktBuf
ffffffff9f04404c A uboot_end
ffffffff9f04404c C dp_last_size
ffffffff9f044050 C dp_last_addr
ffffffff9f044054 C mm_last_size
ffffffff9f044058 C mm_last_addr
ffffffff9f04405c C last_reg_hi
ffffffff9f044060 C last_data
ffffffff9f044064 C last_addr_hi
ffffffff9f044068 C last_reg_lo
ffffffff9f04406c C last_op
ffffffff9f044070 C last_addr_lo
ffffffff9f044074 C nesting_level
ffffffff9f044078 C last_return_code
ffffffff9f04407c C ag7240_macs
ffffffff9f044084 C monitor_flash_len
ffffffff9f044088 C NetArpWaitTry
ffffffff9f04408c C NetArpWaitPacketMAC
ffffffff9f044090 C NetOurEther
ffffffff9f044098 C NetOurIP
ffffffff9f04409c C NetPingIP
ffffffff9f0440a0 C NetServerIP
ffffffff9f0440a4 C NetArpWaitTxPacketSize
ffffffff9f0440a8 C NetArpWaitReplyIP
ffffffff9f0440ac C NetArpWaitTxPacket
ffffffff9f0440b0 C NetArpWaitPacketIP
ffffffff9f0440b4 C NetState
ffffffff9f0440b8 C NetIPID
ffffffff9f0440bc C NetRxPkt
ffffffff9f0440c0 C NetRxPktLen
ffffffff9f0440c4 C NetBootFileXferSize
ffffffff9f0440c8 C NetArpWaitTimerStart
ffffffff9f0440cc C BootpTry
ffffffff9f0440d0 C BootpID
ffffffff9f0440d4 C RarpTry
ffffffff9f0440d8 C ___strtok
