Archive member included because of file (symbol)

lib_bootstrap/libbootstrap.a(bootstrap_board.o)
                              cpu/mips/start_bootstrap.o (bootstrap_board_init_r)
lib_bootstrap/libbootstrap.a(string.o)
                              lib_bootstrap/libbootstrap.a(bootstrap_board.o) (memset)
lib_bootstrap/libbootstrap.a(crc32.o)
                              lib_bootstrap/libbootstrap.a(bootstrap_board.o) (crc32)
lib_bootstrap/libbootstrap.a(LzmaWrapper.o)
                              lib_bootstrap/libbootstrap.a(bootstrap_board.o) (lzma_inflate)
lib_bootstrap/libbootstrap.a(time.o)
                              lib_bootstrap/libbootstrap.a(bootstrap_board.o) (timer_init)
lib_bootstrap/libbootstrap.a(LzmaDecode.o)
                              lib_bootstrap/libbootstrap.a(LzmaWrapper.o) (LzmaDecodeProperties)
board/ar7240/db12x/libdb12x.a(db12x.o)
                              lib_bootstrap/libbootstrap.a(bootstrap_board.o) (initdram)
board/ar7240/db12x/libdb12x.a(ar7240_pci.o)
                              lib_bootstrap/libbootstrap.a(bootstrap_board.o) (pci_init_board)
board/ar7240/db12x/libdb12x.a(lowlevel_init_934x.o)
                              cpu/mips/start_bootstrap.o (lowlevel_init)
board/ar7240/db12x/libdb12x.a(lowlevel_init_934x-1.1.o)
                              board/ar7240/db12x/libdb12x.a(lowlevel_init_934x.o) (ar934x_1_dot_1_lowlevel_init)
cpu/mips/libmips.a(interrupts.o)
                              lib_bootstrap/libbootstrap.a(bootstrap_board.o) (disable_interrupts)
cpu/mips/libmips.a(cache.o)   cpu/mips/start_bootstrap.o (simple_mips_cache_reset)
cpu/mips/ar7240/libar7240.a(meminit.o)
                              board/ar7240/db12x/libdb12x.a(db12x.o) (ar7240_ddr_find_size)
cpu/mips/ar7240/libar7240.a(ar7240_serial.o)
                              lib_bootstrap/libbootstrap.a(bootstrap_board.o) (serial_init)

Allocating common symbols
Common symbol       size              file

monitor_flash_len   0x4               lib_bootstrap/libbootstrap.a(bootstrap_board.o)
___strtok           0x4               lib_bootstrap/libbootstrap.a(string.o)

Discarded input sections

 .reginfo       0x0000000000000000        0x0 lib_bootstrap/libbootstrap.a(bootstrap_board.o)
 .reginfo       0x0000000000000000        0x0 lib_bootstrap/libbootstrap.a(string.o)
 .reginfo       0x0000000000000000        0x0 lib_bootstrap/libbootstrap.a(crc32.o)
 .reginfo       0x0000000000000000        0x0 lib_bootstrap/libbootstrap.a(LzmaWrapper.o)
 .reginfo       0x0000000000000000        0x0 lib_bootstrap/libbootstrap.a(time.o)
 .reginfo       0x0000000000000000        0x0 lib_bootstrap/libbootstrap.a(LzmaDecode.o)
 .reginfo       0x0000000000000000        0x0 board/ar7240/db12x/libdb12x.a(db12x.o)
 .reginfo       0x0000000000000000        0x0 board/ar7240/db12x/libdb12x.a(ar7240_pci.o)
 .reginfo       0x0000000000000000        0x0 board/ar7240/db12x/libdb12x.a(lowlevel_init_934x.o)
 .reginfo       0x0000000000000000        0x0 board/ar7240/db12x/libdb12x.a(lowlevel_init_934x-1.1.o)
 .reginfo       0x0000000000000000        0x0 cpu/mips/libmips.a(interrupts.o)
 .reginfo       0x0000000000000000        0x0 cpu/mips/libmips.a(cache.o)
 .reginfo       0x0000000000000000        0x0 cpu/mips/ar7240/libar7240.a(meminit.o)
 .reginfo       0x0000000000000000        0x0 cpu/mips/ar7240/libar7240.a(ar7240_serial.o)

Memory Configuration

Name             Origin             Length             Attributes
*default*        0x0000000000000000 0xffffffffffffffff

Linker script and memory map

                0x0000000000000000                . = 0x0
                0x0000000000000000                . = ALIGN (0x4)

.text           0x000000009f000000     0x3590
 *(.text)
 .text          0x000000009f000000      0x610 cpu/mips/start_bootstrap.o
                0x000000009f000000                _start_bootstrap
                0x000000009f000538                bootstrap_relocate_code
 .text          0x000000009f000610      0x350 lib_bootstrap/libbootstrap.a(bootstrap_board.o)
                0x000000009f0006b4                hang
                0x000000009f000610                malloc
                0x000000009f000650                realloc
                0x000000009f000660                sbrk
                0x000000009f000830                bootstrap_board_init_f
                0x000000009f000708                bootstrap_board_init_r
                0x000000009f000658                free
 .text          0x000000009f000960      0x5a0 lib_bootstrap/libbootstrap.a(string.o)
                0x000000009f000cf8                memmove
                0x000000009f000ccc                memcpy
                0x000000009f000c58                strswab
                0x000000009f000a9c                strnlen
                0x000000009f000a28                strrchr
                0x000000009f000960                strcat
                0x000000009f000e50                memchr
                0x000000009f000d94                strstr
                0x000000009f000b38                strtok
                0x000000009f000d5c                memcmp
                0x000000009f00098c                strncat
                0x000000009f000e7c                strdup
                0x000000009f000ca8                memset
                0x000000009f000bf4                strsep
                0x000000009f000ac4                strspn
                0x000000009f000a10                strlen
                0x000000009f0009e0                strchr
                0x000000009f000b00                strpbrk
 .text          0x000000009f000f00      0x190 lib_bootstrap/libbootstrap.a(crc32.o)
                0x000000009f000f00                crc32
 .text          0x000000009f001090      0x260 lib_bootstrap/libbootstrap.a(LzmaWrapper.o)
                0x000000009f001090                lzma_inflate
 .text          0x000000009f0012f0       0xb0 lib_bootstrap/libbootstrap.a(time.o)
                0x000000009f001320                set_timer
                0x000000009f001304                reset_timer
                0x000000009f001394                get_tbclk
                0x000000009f001314                get_timer
                0x000000009f0012f0                timer_init
                0x000000009f00132c                udelay
                0x000000009f001388                get_ticks
 .text          0x000000009f0013a0      0xa90 lib_bootstrap/libbootstrap.a(LzmaDecode.o)
                0x000000009f0013a0                LzmaDecodeProperties
                0x000000009f001418                LzmaDecode
 .text          0x000000009f001e30      0x260 board/ar7240/db12x/libdb12x.a(db12x.o)
                0x000000009f001e68                wasp_usb_initial_config
                0x000000009f001fb8                wasp_mem_config
                0x000000009f001e38                checkboard
                0x000000009f001e30                wasp_gpio_config
                0x000000009f002074                initdram
 .text          0x000000009f002090      0x400 board/ar7240/db12x/libdb12x.a(ar7240_pci.o)
                0x000000009f002214                pci_init_board
                0x000000009f002090                plat_dev_init
 .text          0x000000009f002490      0x260 board/ar7240/db12x/libdb12x.a(lowlevel_init_934x.o)
                0x000000009f002490                ar934x_lowlevel_init
                0x000000009f002490                lowlevel_init
 .text          0x000000009f0026f0      0x360 board/ar7240/db12x/libdb12x.a(lowlevel_init_934x-1.1.o)
                0x000000009f0026f0                ar934x_1_dot_1_lowlevel_init
 .text          0x000000009f002a50       0x10 cpu/mips/libmips.a(interrupts.o)
                0x000000009f002a58                disable_interrupts
                0x000000009f002a50                enable_interrupts
 .text          0x000000009f002a60      0x3a0 cpu/mips/libmips.a(cache.o)
                0x000000009f002ce0                dcache_flush_range
                0x000000009f002ab4                mips_cache_reset
                0x000000009f002c84                mips_cache_lock
                0x000000009f002a60                simple_mips_cache_reset
                0x000000009f002d68                mips_icache_flush_ix
                0x000000009f002da4                mips_cache_lock_24k
                0x000000009f002d08                mips_cache_flush
                0x000000009f002c58                dcache_status
                0x000000009f002c68                dcache_disable
 .text          0x000000009f002e00      0x590 cpu/mips/ar7240/libar7240.a(meminit.o)
                0x000000009f002e74                wasp_ddr_initial_config
                0x000000009f002e30                ar7240_ddr_find_size
                0x000000009f002e00                ar7240_ddr_tap_set
 .text          0x000000009f003390      0x200 cpu/mips/ar7240/libar7240.a(ar7240_serial.o)
                0x000000009f003528                serial_setbrg
                0x000000009f003464                serial_tstc
                0x000000009f0034bc                serial_putc
                0x000000009f003390                ar7240_sys_frequency
                0x000000009f0033fc                serial_init
                0x000000009f003530                serial_puts
                0x000000009f003478                serial_getc
                0x000000009f003590                . = ALIGN (0x4)

.rodata         0x000000009f003590      0x430
 *(.rodata)
 .rodata        0x000000009f003590       0x30 lib_bootstrap/libbootstrap.a(bootstrap_board.o)
                0x000000009f003590                version_string
 .rodata        0x000000009f0035c0      0x400 lib_bootstrap/libbootstrap.a(crc32.o)

.reginfo        0x000000009f0039c0       0x18
 .reginfo       0x000000009f0039c0       0x18 cpu/mips/start_bootstrap.o

.rodata.str1.4  0x000000009f0039d8       0x10
 .rodata.str1.4
                0x000000009f0039d8       0x10 board/ar7240/db12x/libdb12x.a(db12x.o)

.rel.dyn        0x000000009f0039e8        0x0
 .rel.dyn       0x0000000000000000        0x0 cpu/mips/start_bootstrap.o
                0x000000009f0039e8                . = ALIGN (0x4)

.data           0x000000009f0039f0       0x20
 *(.data)
 .data          0x000000009f0039f0        0x0 cpu/mips/start_bootstrap.o
 .data          0x000000009f0039f0        0x0 lib_bootstrap/libbootstrap.a(bootstrap_board.o)
 .data          0x000000009f0039f0        0x0 lib_bootstrap/libbootstrap.a(string.o)
 .data          0x000000009f0039f0        0x0 lib_bootstrap/libbootstrap.a(crc32.o)
 .data          0x000000009f0039f0        0x0 lib_bootstrap/libbootstrap.a(LzmaWrapper.o)
 .data          0x000000009f0039f0        0x0 lib_bootstrap/libbootstrap.a(time.o)
 .data          0x000000009f0039f0        0x0 lib_bootstrap/libbootstrap.a(LzmaDecode.o)
 .data          0x000000009f0039f0        0x0 board/ar7240/db12x/libdb12x.a(db12x.o)
 .data          0x000000009f0039f0        0x0 board/ar7240/db12x/libdb12x.a(ar7240_pci.o)
 .data          0x000000009f0039f0        0x0 board/ar7240/db12x/libdb12x.a(lowlevel_init_934x.o)
 .data          0x000000009f0039f0        0x0 board/ar7240/db12x/libdb12x.a(lowlevel_init_934x-1.1.o)
 .data          0x000000009f0039f0        0x0 cpu/mips/libmips.a(interrupts.o)
 .data          0x000000009f0039f0        0x0 cpu/mips/libmips.a(cache.o)
 .data          0x000000009f0039f0       0x20 cpu/mips/ar7240/libar7240.a(meminit.o)
                0x000000009f0039f0                tap_settings
                0x000000009f0039fc                tap_pattern
 .data          0x000000009f003a10        0x0 cpu/mips/ar7240/libar7240.a(ar7240_serial.o)

.got.plt        0x000000009f003a10        0x0
 .got.plt       0x0000000000000000        0x0 cpu/mips/start_bootstrap.o

.data.rel       0x000000009f003a10       0x14
 .data.rel      0x000000009f003a10       0x14 lib_bootstrap/libbootstrap.a(bootstrap_board.o)
                0x000000009f003a10                init_sequence
                0x000000009f003a24                . = ALIGN (0x4)

.sdata
 *(.sdata)
 *(.sdata)
                0x000000009f003a30                . = ALIGN (0x10)
                0x000000009f003a30                _gp = .
                0x000000009f003a30                __got_start_bootstrap = .

.got            0x000000009f003a30       0xac
 *(.got)
 .got           0x000000009f003a30       0xac cpu/mips/start_bootstrap.o
                0x000000009f003a30                _GLOBAL_OFFSET_TABLE_
                0x000000009f003adc                __got_end_bootstrap = .
                0x000000009f003adc                uboot_end_data_bootstrap = .
                0x000000000000002b                num_got_entries = ((__got_end_bootstrap - __got_start_bootstrap) >> 0x2)
                0x000000009f003adc                . = ALIGN (0x4)

.sbss
 *(.sbss)

.bss            0x000000009f003ae0       0x20
 *(.bss)
 .bss           0x000000009f003ae0        0x0 cpu/mips/start_bootstrap.o
 .bss           0x000000009f003ae0       0x10 lib_bootstrap/libbootstrap.a(bootstrap_board.o)
 .bss           0x000000009f003af0        0x0 lib_bootstrap/libbootstrap.a(string.o)
 .bss           0x000000009f003af0        0x0 lib_bootstrap/libbootstrap.a(crc32.o)
 .bss           0x000000009f003af0       0x10 lib_bootstrap/libbootstrap.a(LzmaWrapper.o)
 .bss           0x000000009f003b00        0x0 lib_bootstrap/libbootstrap.a(time.o)
 .bss           0x000000009f003b00        0x0 lib_bootstrap/libbootstrap.a(LzmaDecode.o)
 .bss           0x000000009f003b00        0x0 board/ar7240/db12x/libdb12x.a(db12x.o)
 .bss           0x000000009f003b00        0x0 board/ar7240/db12x/libdb12x.a(ar7240_pci.o)
 .bss           0x000000009f003b00        0x0 board/ar7240/db12x/libdb12x.a(lowlevel_init_934x.o)
 .bss           0x000000009f003b00        0x0 board/ar7240/db12x/libdb12x.a(lowlevel_init_934x-1.1.o)
 .bss           0x000000009f003b00        0x0 cpu/mips/libmips.a(interrupts.o)
 .bss           0x000000009f003b00        0x0 cpu/mips/libmips.a(cache.o)
 .bss           0x000000009f003b00        0x0 cpu/mips/ar7240/libar7240.a(meminit.o)
 .bss           0x000000009f003b00        0x0 cpu/mips/ar7240/libar7240.a(ar7240_serial.o)
                0x000000009f003b00                uboot_end_bootstrap = .
Address of section .text set to 0x9f000000
LOAD cpu/mips/start_bootstrap.o
START GROUP
LOAD lib_bootstrap/libbootstrap.a
LOAD board/ar7240/db12x/libdb12x.a
LOAD cpu/mips/libmips.a
LOAD cpu/mips/ar7240/libar7240.a
END GROUP
LOAD /home/liuhuijun/pc018work-v15-at/apv5sdk-v15/build/gcc-4.3.3/build_mips/staging_dir/usr/bin-ccache/../lib/gcc/mips-linux-uclibc/4.3.3/libgcc.a
OUTPUT(bootstrap elf32-tradbigmips)

.scommon        0x000000009f003b00        0x8
 .scommon       0x000000009f003b00        0x4 lib_bootstrap/libbootstrap.a(bootstrap_board.o)
                0x000000009f003b00                monitor_flash_len
 .scommon       0x000000009f003b04        0x4 lib_bootstrap/libbootstrap.a(string.o)
                0x000000009f003b04                ___strtok

.pdr            0x0000000000000000      0x840
 .pdr           0x0000000000000000       0x20 cpu/mips/start_bootstrap.o
 .pdr           0x0000000000000020      0x100 lib_bootstrap/libbootstrap.a(bootstrap_board.o)
 .pdr           0x0000000000000120      0x240 lib_bootstrap/libbootstrap.a(string.o)
 .pdr           0x0000000000000360       0x20 lib_bootstrap/libbootstrap.a(crc32.o)
 .pdr           0x0000000000000380       0x20 lib_bootstrap/libbootstrap.a(LzmaWrapper.o)
 .pdr           0x00000000000003a0       0xe0 lib_bootstrap/libbootstrap.a(time.o)
 .pdr           0x0000000000000480       0x40 lib_bootstrap/libbootstrap.a(LzmaDecode.o)
 .pdr           0x00000000000004c0       0xa0 board/ar7240/db12x/libdb12x.a(db12x.o)
 .pdr           0x0000000000000560       0x40 board/ar7240/db12x/libdb12x.a(ar7240_pci.o)
 .pdr           0x00000000000005a0        0x0 board/ar7240/db12x/libdb12x.a(lowlevel_init_934x.o)
 .pdr           0x00000000000005a0        0x0 board/ar7240/db12x/libdb12x.a(lowlevel_init_934x-1.1.o)
 .pdr           0x00000000000005a0       0x40 cpu/mips/libmips.a(interrupts.o)
 .pdr           0x00000000000005e0      0x120 cpu/mips/libmips.a(cache.o)
 .pdr           0x0000000000000700       0x60 cpu/mips/ar7240/libar7240.a(meminit.o)
 .pdr           0x0000000000000760       0xe0 cpu/mips/ar7240/libar7240.a(ar7240_serial.o)

.stab           0x0000000000000000     0x1aa0
 .stab          0x0000000000000000      0xbb8 cpu/mips/start_bootstrap.o
 .stab          0x0000000000000bb8      0x2d0 board/ar7240/db12x/libdb12x.a(lowlevel_init_934x.o)
                                        0x2dc (size before relaxing)
 .stab          0x0000000000000e88      0x498 board/ar7240/db12x/libdb12x.a(lowlevel_init_934x-1.1.o)
                                        0x4a4 (size before relaxing)
 .stab          0x0000000000001320      0x780 cpu/mips/libmips.a(cache.o)
                                        0x78c (size before relaxing)

.stabstr        0x0000000000000000      0x26d
 .stabstr       0x0000000000000000      0x26d cpu/mips/start_bootstrap.o

.mdebug.abi32   0x0000000000000000        0x0
 .mdebug.abi32  0x0000000000000000        0x0 lib_bootstrap/libbootstrap.a(bootstrap_board.o)
 .mdebug.abi32  0x0000000000000000        0x0 lib_bootstrap/libbootstrap.a(string.o)
 .mdebug.abi32  0x0000000000000000        0x0 lib_bootstrap/libbootstrap.a(crc32.o)
 .mdebug.abi32  0x0000000000000000        0x0 lib_bootstrap/libbootstrap.a(LzmaWrapper.o)
 .mdebug.abi32  0x0000000000000000        0x0 lib_bootstrap/libbootstrap.a(time.o)
 .mdebug.abi32  0x0000000000000000        0x0 lib_bootstrap/libbootstrap.a(LzmaDecode.o)
 .mdebug.abi32  0x0000000000000000        0x0 board/ar7240/db12x/libdb12x.a(db12x.o)
 .mdebug.abi32  0x0000000000000000        0x0 board/ar7240/db12x/libdb12x.a(ar7240_pci.o)
 .mdebug.abi32  0x0000000000000000        0x0 cpu/mips/libmips.a(interrupts.o)
 .mdebug.abi32  0x0000000000000000        0x0 cpu/mips/ar7240/libar7240.a(meminit.o)
 .mdebug.abi32  0x0000000000000000        0x0 cpu/mips/ar7240/libar7240.a(ar7240_serial.o)

.debug_abbrev   0x0000000000000000      0xf8c
 .debug_abbrev  0x0000000000000000      0x2a1 lib_bootstrap/libbootstrap.a(bootstrap_board.o)
 .debug_abbrev  0x00000000000002a1      0x21c lib_bootstrap/libbootstrap.a(string.o)
 .debug_abbrev  0x00000000000004bd       0x9c lib_bootstrap/libbootstrap.a(crc32.o)
 .debug_abbrev  0x0000000000000559      0x1a7 lib_bootstrap/libbootstrap.a(LzmaWrapper.o)
 .debug_abbrev  0x0000000000000700      0x179 lib_bootstrap/libbootstrap.a(time.o)
 .debug_abbrev  0x0000000000000879      0x164 lib_bootstrap/libbootstrap.a(LzmaDecode.o)
 .debug_abbrev  0x00000000000009dd      0x152 board/ar7240/db12x/libdb12x.a(db12x.o)
 .debug_abbrev  0x0000000000000b2f      0x182 board/ar7240/db12x/libdb12x.a(ar7240_pci.o)
 .debug_abbrev  0x0000000000000cb1       0x65 cpu/mips/libmips.a(interrupts.o)
 .debug_abbrev  0x0000000000000d16      0x11f cpu/mips/ar7240/libar7240.a(meminit.o)
 .debug_abbrev  0x0000000000000e35      0x157 cpu/mips/ar7240/libar7240.a(ar7240_serial.o)

.debug_info     0x0000000000000000     0x2667
 .debug_info    0x0000000000000000      0x6a9 lib_bootstrap/libbootstrap.a(bootstrap_board.o)
 .debug_info    0x00000000000006a9      0x729 lib_bootstrap/libbootstrap.a(string.o)
 .debug_info    0x0000000000000dd2      0x136 lib_bootstrap/libbootstrap.a(crc32.o)
 .debug_info    0x0000000000000f08      0x35b lib_bootstrap/libbootstrap.a(LzmaWrapper.o)
 .debug_info    0x0000000000001263      0x28e lib_bootstrap/libbootstrap.a(time.o)
 .debug_info    0x00000000000014f1      0x4eb lib_bootstrap/libbootstrap.a(LzmaDecode.o)
 .debug_info    0x00000000000019dc      0x1ae board/ar7240/db12x/libdb12x.a(db12x.o)
 .debug_info    0x0000000000001b8a      0x5c0 board/ar7240/db12x/libdb12x.a(ar7240_pci.o)
 .debug_info    0x000000000000214a       0xa8 cpu/mips/libmips.a(interrupts.o)
 .debug_info    0x00000000000021f2      0x258 cpu/mips/ar7240/libar7240.a(meminit.o)
 .debug_info    0x000000000000244a      0x21d cpu/mips/ar7240/libar7240.a(ar7240_serial.o)

.debug_line     0x0000000000000000      0xe6a
 .debug_line    0x0000000000000000      0x206 lib_bootstrap/libbootstrap.a(bootstrap_board.o)
 .debug_line    0x0000000000000206      0x1c9 lib_bootstrap/libbootstrap.a(string.o)
 .debug_line    0x00000000000003cf       0xf1 lib_bootstrap/libbootstrap.a(crc32.o)
 .debug_line    0x00000000000004c0      0x178 lib_bootstrap/libbootstrap.a(LzmaWrapper.o)
 .debug_line    0x0000000000000638      0x10c lib_bootstrap/libbootstrap.a(time.o)
 .debug_line    0x0000000000000744      0x1d8 lib_bootstrap/libbootstrap.a(LzmaDecode.o)
 .debug_line    0x000000000000091c       0xe1 board/ar7240/db12x/libdb12x.a(db12x.o)
 .debug_line    0x00000000000009fd      0x1b5 board/ar7240/db12x/libdb12x.a(ar7240_pci.o)
 .debug_line    0x0000000000000bb2       0x3f cpu/mips/libmips.a(interrupts.o)
 .debug_line    0x0000000000000bf1      0x1ac cpu/mips/ar7240/libar7240.a(meminit.o)
 .debug_line    0x0000000000000d9d       0xcd cpu/mips/ar7240/libar7240.a(ar7240_serial.o)

.debug_frame    0x0000000000000000      0x524
 .debug_frame   0x0000000000000000       0xb0 lib_bootstrap/libbootstrap.a(bootstrap_board.o)
 .debug_frame   0x00000000000000b0      0x16c lib_bootstrap/libbootstrap.a(string.o)
 .debug_frame   0x000000000000021c       0x20 lib_bootstrap/libbootstrap.a(crc32.o)
 .debug_frame   0x000000000000023c       0x38 lib_bootstrap/libbootstrap.a(LzmaWrapper.o)
 .debug_frame   0x0000000000000274       0x88 lib_bootstrap/libbootstrap.a(time.o)
 .debug_frame   0x00000000000002fc       0x48 lib_bootstrap/libbootstrap.a(LzmaDecode.o)
 .debug_frame   0x0000000000000344       0x74 board/ar7240/db12x/libdb12x.a(db12x.o)
 .debug_frame   0x00000000000003b8       0x4c board/ar7240/db12x/libdb12x.a(ar7240_pci.o)
 .debug_frame   0x0000000000000404       0x30 cpu/mips/libmips.a(interrupts.o)
 .debug_frame   0x0000000000000434       0x58 cpu/mips/ar7240/libar7240.a(meminit.o)
 .debug_frame   0x000000000000048c       0x98 cpu/mips/ar7240/libar7240.a(ar7240_serial.o)

.debug_loc      0x0000000000000000     0x1449
 .debug_loc     0x0000000000000000      0x180 lib_bootstrap/libbootstrap.a(bootstrap_board.o)
 .debug_loc     0x0000000000000180      0x407 lib_bootstrap/libbootstrap.a(string.o)
 .debug_loc     0x0000000000000587       0xc8 lib_bootstrap/libbootstrap.a(crc32.o)
 .debug_loc     0x000000000000064f      0x21b lib_bootstrap/libbootstrap.a(LzmaWrapper.o)
 .debug_loc     0x000000000000086a       0x6b lib_bootstrap/libbootstrap.a(time.o)
 .debug_loc     0x00000000000008d5      0x802 lib_bootstrap/libbootstrap.a(LzmaDecode.o)
 .debug_loc     0x00000000000010d7       0x8a board/ar7240/db12x/libdb12x.a(db12x.o)
 .debug_loc     0x0000000000001161       0x77 board/ar7240/db12x/libdb12x.a(ar7240_pci.o)
 .debug_loc     0x00000000000011d8      0x1c5 cpu/mips/ar7240/libar7240.a(meminit.o)
 .debug_loc     0x000000000000139d       0xac cpu/mips/ar7240/libar7240.a(ar7240_serial.o)

.debug_pubnames
                0x0000000000000000      0x48a
 .debug_pubnames
                0x0000000000000000       0xbc lib_bootstrap/libbootstrap.a(bootstrap_board.o)
 .debug_pubnames
                0x00000000000000bc       0xec lib_bootstrap/libbootstrap.a(string.o)
 .debug_pubnames
                0x00000000000001a8       0x1c lib_bootstrap/libbootstrap.a(crc32.o)
 .debug_pubnames
                0x00000000000001c4       0x23 lib_bootstrap/libbootstrap.a(LzmaWrapper.o)
 .debug_pubnames
                0x00000000000001e7       0x74 lib_bootstrap/libbootstrap.a(time.o)
 .debug_pubnames
                0x000000000000025b       0x3a lib_bootstrap/libbootstrap.a(LzmaDecode.o)
 .debug_pubnames
                0x0000000000000295       0x73 board/ar7240/db12x/libdb12x.a(db12x.o)
 .debug_pubnames
                0x0000000000000308       0x37 board/ar7240/db12x/libdb12x.a(ar7240_pci.o)
 .debug_pubnames
                0x000000000000033f       0x3f cpu/mips/libmips.a(interrupts.o)
 .debug_pubnames
                0x000000000000037e       0x7f cpu/mips/ar7240/libar7240.a(meminit.o)
 .debug_pubnames
                0x00000000000003fd       0x8d cpu/mips/ar7240/libar7240.a(ar7240_serial.o)

.debug_aranges  0x0000000000000000      0x160
 .debug_aranges
                0x0000000000000000       0x20 lib_bootstrap/libbootstrap.a(bootstrap_board.o)
 .debug_aranges
                0x0000000000000020       0x20 lib_bootstrap/libbootstrap.a(string.o)
 .debug_aranges
                0x0000000000000040       0x20 lib_bootstrap/libbootstrap.a(crc32.o)
 .debug_aranges
                0x0000000000000060       0x20 lib_bootstrap/libbootstrap.a(LzmaWrapper.o)
 .debug_aranges
                0x0000000000000080       0x20 lib_bootstrap/libbootstrap.a(time.o)
 .debug_aranges
                0x00000000000000a0       0x20 lib_bootstrap/libbootstrap.a(LzmaDecode.o)
 .debug_aranges
                0x00000000000000c0       0x20 board/ar7240/db12x/libdb12x.a(db12x.o)
 .debug_aranges
                0x00000000000000e0       0x20 board/ar7240/db12x/libdb12x.a(ar7240_pci.o)
 .debug_aranges
                0x0000000000000100       0x20 cpu/mips/libmips.a(interrupts.o)
 .debug_aranges
                0x0000000000000120       0x20 cpu/mips/ar7240/libar7240.a(meminit.o)
 .debug_aranges
                0x0000000000000140       0x20 cpu/mips/ar7240/libar7240.a(ar7240_serial.o)

.debug_ranges   0x0000000000000000      0x240
 .debug_ranges  0x0000000000000000       0x18 lib_bootstrap/libbootstrap.a(bootstrap_board.o)
 .debug_ranges  0x0000000000000018       0x98 lib_bootstrap/libbootstrap.a(LzmaWrapper.o)
 .debug_ranges  0x00000000000000b0      0x128 lib_bootstrap/libbootstrap.a(LzmaDecode.o)
 .debug_ranges  0x00000000000001d8       0x68 board/ar7240/db12x/libdb12x.a(ar7240_pci.o)

.debug_str      0x0000000000000000      0xc27
 .debug_str     0x0000000000000000      0x3b2 lib_bootstrap/libbootstrap.a(bootstrap_board.o)
                                        0x414 (size before relaxing)
 .debug_str     0x00000000000003b2       0xd6 lib_bootstrap/libbootstrap.a(string.o)
                                        0x1ce (size before relaxing)
 .debug_str     0x0000000000000488       0x30 lib_bootstrap/libbootstrap.a(crc32.o)
                                        0x11a (size before relaxing)
 .debug_str     0x00000000000004b8      0x124 lib_bootstrap/libbootstrap.a(LzmaWrapper.o)
                                        0x25e (size before relaxing)
 .debug_str     0x00000000000005dc       0x7c lib_bootstrap/libbootstrap.a(time.o)
                                        0x177 (size before relaxing)
 .debug_str     0x0000000000000658      0x139 lib_bootstrap/libbootstrap.a(LzmaDecode.o)
                                        0x25a (size before relaxing)
 .debug_str     0x0000000000000791       0xa7 board/ar7240/db12x/libdb12x.a(db12x.o)
                                        0x16b (size before relaxing)
 .debug_str     0x0000000000000838      0x1c8 board/ar7240/db12x/libdb12x.a(ar7240_pci.o)
                                        0x2df (size before relaxing)
 .debug_str     0x0000000000000a00       0x74 cpu/mips/libmips.a(interrupts.o)
                                        0x10c (size before relaxing)
 .debug_str     0x0000000000000a74      0x109 cpu/mips/ar7240/libar7240.a(meminit.o)
                                        0x1c2 (size before relaxing)
 .debug_str     0x0000000000000b7d       0xaa cpu/mips/ar7240/libar7240.a(ar7240_serial.o)
                                        0x18c (size before relaxing)

.comment        0x0000000000000000       0xc6
 .comment       0x0000000000000000       0x12 lib_bootstrap/libbootstrap.a(bootstrap_board.o)
 .comment       0x0000000000000012       0x12 lib_bootstrap/libbootstrap.a(string.o)
 .comment       0x0000000000000024       0x12 lib_bootstrap/libbootstrap.a(crc32.o)
 .comment       0x0000000000000036       0x12 lib_bootstrap/libbootstrap.a(LzmaWrapper.o)
 .comment       0x0000000000000048       0x12 lib_bootstrap/libbootstrap.a(time.o)
 .comment       0x000000000000005a       0x12 lib_bootstrap/libbootstrap.a(LzmaDecode.o)
 .comment       0x000000000000006c       0x12 board/ar7240/db12x/libdb12x.a(db12x.o)
 .comment       0x000000000000007e       0x12 board/ar7240/db12x/libdb12x.a(ar7240_pci.o)
 .comment       0x0000000000000090       0x12 cpu/mips/libmips.a(interrupts.o)
 .comment       0x00000000000000a2       0x12 cpu/mips/ar7240/libar7240.a(meminit.o)
 .comment       0x00000000000000b4       0x12 cpu/mips/ar7240/libar7240.a(ar7240_serial.o)

.gnu.attributes
                0x0000000000000000       0x10
 .gnu.attributes
                0x0000000000000000       0x10 lib_bootstrap/libbootstrap.a(bootstrap_board.o)
 .gnu.attributes
                0x0000000000000010       0x10 lib_bootstrap/libbootstrap.a(string.o)
 .gnu.attributes
                0x0000000000000020       0x10 lib_bootstrap/libbootstrap.a(crc32.o)
 .gnu.attributes
                0x0000000000000030       0x10 lib_bootstrap/libbootstrap.a(LzmaWrapper.o)
 .gnu.attributes
                0x0000000000000040       0x10 lib_bootstrap/libbootstrap.a(time.o)
 .gnu.attributes
                0x0000000000000050       0x10 lib_bootstrap/libbootstrap.a(LzmaDecode.o)
 .gnu.attributes
                0x0000000000000060       0x10 board/ar7240/db12x/libdb12x.a(db12x.o)
 .gnu.attributes
                0x0000000000000070       0x10 board/ar7240/db12x/libdb12x.a(ar7240_pci.o)
 .gnu.attributes
                0x0000000000000080       0x10 cpu/mips/libmips.a(interrupts.o)
 .gnu.attributes
                0x0000000000000090       0x10 cpu/mips/ar7240/libar7240.a(meminit.o)
 .gnu.attributes
                0x00000000000000a0       0x10 cpu/mips/ar7240/libar7240.a(ar7240_serial.o)
