00000191 A num_got_entries
9f000000 T _start
9f000400 t reset
9f0004e0 t rel_start
9f00054c T relocate_code
9f0005a8 t in_ram
9f000608 T ar7240_ddr_tap_init
9f000628 t ddr_pat_init
9f003664 t load_tap
9f00367c t pat_read
9f003694 t tap_addr_loop
9f00371c t tap_decr
9f003730 t tap_incr
9f003758 t tap_fail
9f003798 t up_limit
9f0037cc t tap_calc
9f003850 t end
9f003860 t romReserved
9f003864 t romExcHandle
9f003870 T autoscript
9f003a68 T do_autoscript
9f003ae0 T do_bdinfo
9f003c60 T do_go
9f003d80 T gunzip
9f003f64 t zfree
9f003f7c t zalloc
9f003fa0 T print_image_hdr
9f0043a8 t do_imls
9f004544 t image_info
9f004688 T do_iminfo
9f004770 T do_bootd
9f0047c0 T do_bootm
9f004fe0 T do_coninfo
9f005180 T valid_elf_image
9f0051fc T load_elf_image
9f005384 T do_bootvx
9f005620 T do_bootelf
9f005740 t flash_fill_sect_ranges
9f0058e0 T flash_sect_protect
9f005a40 t addr_spec
9f005be0 t abbrev_spec
9f005da4 T do_protect
9f006274 T flash_sect_erase
9f0063a4 T do_flerase
9f0066cc T do_flinfo
9f006770 t evalexp
9f0067f4 T binary_test
9f006aa8 T do_itest
9f006ba0 t jffs2_part_info
9f006c4c t part_validate
9f006df8 t index_partitions
9f006f04 t current_save
9f007008 t part_sort_add
9f00717c t memsize_format
9f007200 t device_delall
9f0072e0 t devices_init
9f007330 t device_del
9f007428 t memsize_parse
9f0074d4 t device_parse
9f007b90 T id_parse
9f007cf4 T find_dev_and_part
9f007ebc t generate_mtdparts_save
9f008204 T mtdparts_init
9f008ae8 T do_jffs2_mtdparts
9f0092f4 T do_jffs2_chpart
9f0093f8 T do_jffs2_fsinfo
9f0094d4 T do_jffs2_ls
9f009598 T do_jffs2_fsload
9f0097a0 T ktrans
9f0097d8 T chk1
9f009800 t bin_data_init
9f009830 t bin_data_char
9f009878 T k_data_init
9f009898 T k_data_save
9f0098e8 T k_data_restore
9f009938 T k_data_char
9f0099d8 T send_pad
9f009a34 T s1_sendpacket
9f009a94 T handle_send_packet
9f009ce0 T send_nack
9f009d6c T send_ack
9f009df8 t load_serial_ymodem
9f009fe8 t getcxmodem
9f00a034 T do_load_serial_bin
9f00a6bc t load_serial
9f00a9b0 T do_load_serial
9f00ab10 T do_mem_base
9f00ab7c T do_mem_crc
9f00aca8 T do_mem_mtest
9f00ae8c T cmd_get_data_size
9f00af38 T do_mem_loop
9f00b0a8 T do_mem_cp
9f00b280 T do_mem_cmp
9f00b498 T do_mem_mw
9f00b5e8 t mod_mem
9f00b810 T do_mem_nm
9f00b858 T do_mem_mm
9f00b8a0 T do_mem_md
9f00bb60 t extract_range
9f00bbec T MII_dump_0_to_5
9f00bf34 T do_mac
9f00c074 T do_mii
9f00c6f0 T do_sleep
9f00c7f0 T do_sntp
9f00c90c T do_ping
9f00c9d8 t netboot_common
9f00cd88 T do_nfs
9f00cda8 T do_dhcp
9f00cdc8 T do_tftpb
9f00cde8 T do_rarpb
9f00ce08 T do_bootp
9f00ce30 t envmatch
9f00ceec T getenv_r
9f00d028 T do_saveenv
9f00d07c T getenv
9f00d174 T _do_setenv
9f00d8e4 T do_setenv
9f00d94c T setenv
9f00d9a0 T do_printenv
9f00dc20 t pci_classes_str
9f00ddcc T pci_header_show
9f00eba8 T pci_header_show_brief
9f00ec70 T pciinfo
9f00ee34 t pci_cfg_write
9f00ee9c t pci_cfg_modify
9f00f08c T do_pci
9f00f5e0 T do_ethreg
9f00f750 T do_pll
9f00f98c T do_srifpll
9f00fb40 T find_cmd
9f00fc40 T do_echo
9f00fd3c T do_help
9f00ffb8 T do_version
9f00fff8 T do_exit
9f01004c T do_test
9f0107f0 t console_setfile
9f0108d0 T fgetc
9f01090c T ftstc
9f010948 T fputc
9f010984 T fputs
9f0109bc T disable_ctrlc
9f0109d8 T had_ctrlc
9f0109f0 T clear_ctrlc
9f010a08 T dbg
9f010a18 T console_init_f
9f010a28 T console_assign
9f010b48 T fprintf
9f010bbc T puts
9f010bf0 T vprintf
9f010c48 T printf
9f010cb4 T console_init_r
9f010f20 T serial_printf
9f010f8c T putc
9f010fc4 T tstc
9f010ff4 T getc
9f011024 T ctrlc
9f0110b0 T devices_done
9f0110ec T device_register
9f011130 T devices_init
9f011240 T malloc_bin_reloc
9f011284 T malloc_usable_size
9f0112dc T mallopt
9f011370 T malloc_trim
9f011490 T free
9f0116e0 T cfree
9f0116f8 T malloc
9f011dd0 T memalign
9f011f54 T pvalloc
9f011f78 T valloc
9f011f94 T calloc
9f0120a0 T realloc
9f0125e0 T env_get_char_memory
9f012614 T env_get_addr
9f012640 t env_get_char_init
9f012670 T env_crc_update
9f0126c0 T env_relocate
9f0127b0 T env_get_char_spec
9f0127c0 T env_relocate_spec
9f0127e4 T saveenv
9f01290c T env_init
9f012990 T addr2info
9f0129e0 T flash_perror
9f012b14 T flash_protect
9f012cd8 T flash_write
9f012e70 T simple_itoa
9f012ec0 t static_get
9f012edc t static_peek
9f012ee8 t file_peek
9f012ef4 T mapset
9f012f28 T u_boot_hush_start
9f012fd4 t file_get
9f013264 t xmalloc
9f0132b4 T new_pipe
9f013300 t free_pipe_list
9f013460 t xrealloc
9f0134b0 t done_command
9f013570 t initialize_context
9f0135d4 t done_pipe
9f013668 T reserved_word
9f013878 t b_addchr
9f01393c t done_word
9f013b4c t b_addqchr
9f013be4 t insert_var_value
9f013ea8 t set_local_var
9f01412c T update_ifs_map
9f0141d8 t parse_stream_outer
9f0149b0 T parse_file_outer
9f014a14 T parse_string_outer
9f014b84 t run_list_real
9f015600 T GetHandleSize
9f015608 T ListSetAllocationPolicy
9f015618 T ListGetPtrToItem
9f015654 T ListGetDataPtr
9f015660 T ListGetItemSize
9f01566c T ListNumItems
9f015678 T ListGetItems
9f0156d0 T SetHandleSize
9f015784 T ListInsertItems
9f0159b4 T ListInsertItem
9f0159cc T DisposeHandle
9f015a28 T ListDispose
9f015a40 T NewHandle
9f015aec T ListCreate
9f015b70 T miiphy_init
9f015b98 T miiphy_get_current_dev
9f015bc0 T miiphy_listdev
9f015c8c T miiphy_write
9f015d50 T miiphy_read
9f015e10 T miiphy_link
9f015eb4 T miiphy_duplex
9f015f90 T miiphy_speed
9f01606c T miiphy_reset
9f0161a8 T miiphy_info
9f0162f4 T miiphy_set_current_dev
9f016394 T miiphy_register
9f016540 t hex2_bin
9f0165ec T srec_decode
9f016900 T parse_num
9f016a40 T xyzModem_error
9f016ae4 t zm_dprintf
9f016b50 T xyzModem_stream_close
9f016bd4 T CYGACC_COMM_IF_PUTC
9f016bec T CYGACC_COMM_IF_GETC_TIMEOUT
9f016ca0 T xyzModem_stream_terminate
9f016e90 t xyzModem_get_hdr
9f0173c8 T xyzModem_stream_read
9f01775c T xyzModem_stream_open
9f017990 T do_run
9f017a5c T run_command
9f017fb0 t delete_char
9f018114 T readline
9f0183cc T main_loop
9f018570 T cyg_crc16
9f0185d0 t ar7240_spi_poll
9f01865c T write_buff
9f0188c4 T flash_erase
9f018af8 T flash_print_info
9f018b14 T flash_init
9f018c40 T ar934x_lowlevel_init
9f018c40 T lowlevel_init
9f018c7c t setup_ref40_val
9f018c90 t setup_ref25_val
9f018cd4 t read_from_flash
9f018cec t pll_bypass_set
9f018d4c t init_cpu_pll
9f018d60 t init_ddr_pll
9f018d74 t init_ahb_pll
9f018d88 t pll_pwd_unset
9f018dcc t outdiv_unset
9f018e10 t pll_bypass_unset
9f018e70 t ddr_pll_dither_unset
9f018e7c t cpu_pll_dither_unset
9f018ea0 T ar934x_1_dot_1_lowlevel_init
9f018f18 t setup_ref40_val
9f018f34 t setup_ref25_val
9f018f9c t read_from_flash
9f018fb4 t pll_bypass_set
9f019014 t init_cpu_pll
9f019024 t init_ddr_pll
9f019038 t init_ahb_pll
9f01904c t pll_pwd_unset
9f01904c t srif_set
9f0190b4 t read_srif_from_flash
9f019174 t pll_bypass_unset
9f0191d4 t ddr_pll_dither_unset
9f0191e0 t cpu_pll_dither_unset
9f019200 T flash_get_geom
9f0192a0 T write_one_tlb
9f0192d8 T flush_cache
9f019300 T do_reset
9f019380 T enable_interrupts
9f019388 T disable_interrupts
9f019390 T simple_mips_cache_reset
9f0193b4 t _arai_icache_loop
9f0193cc t _arai_dcache_loop
9f0193e4 T mips_cache_reset
9f019588 T dcache_status
9f019598 T dcache_disable
9f0195b4 T mips_cache_lock
9f019610 T dcache_flush_range
9f01961c t cache_loop_d_flush_range
9f019638 T mips_cache_flush
9f019658 t cache_loop_flush
9f01967c t cache_loop_d_flush
9f019698 T mips_icache_flush_ix
9f0196b8 t icache_loop_flush_ix
9f0196d4 T mips_cache_lock_24k
9f0196f4 t cache_loop_lock
9f019730 T ar7240_sys_frequency
9f01979c T serial_init
9f019804 T serial_tstc
9f019818 T serial_getc
9f01985c T serial_putc
9f0198c8 T serial_setbrg
9f0198d0 T serial_puts
9f019930 T sbrk
9f019984 T hang
9f0199b4 t init_func_ram
9f019a4c t display_banner
9f019a8c t init_baudrate
9f019b14 T board_init_r
9f019e38 T board_init_f
9f01a060 T timer_init
9f01a074 T reset_timer
9f01a084 T get_timer
9f01a090 T set_timer
9f01a09c T udelay
9f01a0f8 T get_ticks
9f01a104 T get_tbclk
9f01a110 T wasp_set_cca
9f01a12c t linux_env_set
9f01a254 T do_bootm_linux
9f01aa90 T test_addr_bus
9f01abf8 T post_log
9f01ac68 T ddr_test
9f01add0 T crc32_be
9f01ae20 T make_magic_data
9f01ae90 T crc_kernel1
9f01b190 T crc_kernel2
9f01b4a4 T crc_flash
9f01b7b0 T pci_hose_read_config_byte
9f01b7bc T pci_hose_read_config_word
9f01b7c8 T pci_hose_read_config_dword
9f01b7d4 T pci_hose_write_config_byte
9f01b7e0 T pci_hose_write_config_word
9f01b7ec T pci_hose_write_config_dword
9f01b7f8 T pci_hose_read_config_byte_via_dword
9f01b868 T pci_hose_read_config_word_via_dword
9f01b8dc T pci_hose_write_config_byte_via_dword
9f01b9a4 T pci_hose_write_config_word_via_dword
9f01ba6c T pci_register_hose
9f01baa0 T pci_find_config
9f01bb54 T pci_cfgfunc_do_nothing
9f01bb5c T pci_init
9f01bb74 T pci_hose_scan_bus
9f01bd74 T pci_hose_scan
9f01bd8c T pci_hose_config_device
9f01bffc T pci_cfgfunc_config_device
9f01c040 T pci_hose_bus_to_phys
9f01c118 T pci_hose_phys_to_bus
9f01c1e0 T pci_bus_to_hose
9f01c258 T pci_write_config_dword
9f01c2e4 T pci_write_config_word
9f01c370 T pci_write_config_byte
9f01c3fc T pci_read_config_dword
9f01c48c T pci_read_config_word
9f01c520 T pci_read_config_byte
9f01c5b4 T pci_find_devices
9f01c720 T pci_find_device
9f01c750 T cramfs_check
9f01c7bc t cramfs_read_super
9f01c9e8 T cramfs_info
9f01cb44 t cramfs_resolve
9f01cd74 t cramfs_uncompress
9f01cf40 t cramfs_list_inode
9f01d180 T cramfs_ls
9f01d458 T cramfs_load
9f01d630 T cramfs_uncompress_exit
9f01d66c T cramfs_uncompress_init
9f01d6ec t zfree
9f01d704 t zalloc
9f01d728 T cramfs_uncompress_block
9f01d7e0 T mkmodestr
9f01d934 t get_node_mem
9f01d9b8 T jffs2_1pass_rescan_needed
9f01dac8 t insert_node
9f01dbc4 t jffs2_1pass_find_inode
9f01dd88 t jffs2_1pass_search_inode
9f01df80 t jffs2_1pass_read_inode
9f01e170 t jffs2_1pass_search_list_inodes
9f01e8bc T jffs2_free_cache
9f01e960 t jffs2_get_list
9f01ee48 T jffs2_1pass_info
9f01f00c T jffs2_1pass_load
9f01f2dc T jffs2_1pass_ls
9f01f380 T rtime_decompress
9f01f460 T rubin_do_decompress
9f01f5a4 T dynrubin_decompress
9f01f610 T zlib_decompress
9f01f640 T cramfs_memset
9f01f674 T pull_bits
9f01f6cc T pull_bit
9f01f704 t read_symbol
9f01f7c0 t decompress_huffman
9f01f9e8 t fill_code_tables
9f01faf0 t init_code_tables
9f01fb9c T decompress_block
9f020590 t startAgainTimeout
9f0205ac t startAgainHandler
9f0205b4 T NetSetHandler
9f0205cc T NetCksum
9f020604 T NetCksumOk
9f020644 T NetEthHdrSize
9f02067c T copy_filename
9f0206c4 T string_to_VLAN
9f020720 T getenv_VLAN
9f02075c T string_to_ip
9f020818 T getenv_IPaddr
9f020854 T VLAN_to_string
9f0208b0 T ip_to_string
9f020908 T print_IPaddr
9f020958 T NetSetIP
9f020a88 T NetSetEther
9f020b38 t PingHandler
9f020b98 T NetSendPacket
9f020bb0 T ArpRequest
9f020d20 T NetReceive
9f021270 T PingSend
9f021434 T NetSetTimeout
9f021498 T NetSendUDPPacket
9f021678 t PingTimeout
9f0216b8 T NetStartAgain
9f021828 T ArpTimeoutCheck
9f0218e4 T NetLoop
9f021ff0 t TftpSend
9f0221fc T TftpStart
9f0224cc t TftpTimeout
9f022560 t TftpHandler
9f022870 t DhcpExtended
9f0229ac t DhcpOptionsProcess
9f022c74 T BootpRequest
9f022f10 T DhcpRequest
9f022f28 t BootpCopyNetParams
9f023040 t DhcpHandler
9f0235e4 t BootpTimeout
9f023660 T RarpRequest
9f0237a4 t RarpHandler
9f02385c t RarpTimeout
9f0238d0 T eth_get_dev
9f0238e8 T eth_get_dev_by_name
9f023950 T eth_get_dev_index
9f0239a4 T eth_halt
9f0239fc T eth_send
9f023a30 T eth_rx
9f023a5c T eth_get_name
9f023a88 T eth_set_current
9f023b58 T eth_try_another
9f023c44 T eth_register
9f023d34 T eth_init
9f023e18 T eth_set_enetaddr
9f023f68 T eth_initialize
9f024210 t NfsTimeout
9f024254 t basename
9f0242c0 t rpc_add_credentials
9f0243c8 t rpc_lookup_reply
9f024484 t nfs_mount_reply
9f024530 t nfs_umountall_reply
9f0245cc t nfs_lookup_reply
9f02466c t rpc_req
9f024780 t nfs_mount_req
9f02486c t nfs_umountall_req
9f0248f8 t nfs_lookup_req
9f024a04 t nfs_read_req
9f024ac0 t nfs_readlink_req
9f024b58 t NfsSend
9f024ca4 T NfsStart
9f02500c t nfs_readlink_reply
9f025154 t nfs_read_reply
9f0252b8 t NfsHandler
9f0255c0 T SntpStart
9f025720 t SntpHandler
9f025810 t SntpTimeout
9f025860 T GregorianDay
9f02597c T to_tm
9f025a68 T mktime
9f025b20 T crc32
9f025cac T crc32_no_comp
9f025e40 T print_size
9f025f24 T display_options
9f025f70 T strnicmp
9f025ff8 T strcat
9f026024 T strncat
9f026078 T strchr
9f0260a8 T strlen
9f0260c0 T strrchr
9f026134 T strnlen
9f02615c T strspn
9f026198 T strpbrk
9f0261d0 T strtok
9f02628c T strsep
9f0262f0 T strswab
9f026340 T memset
9f026364 T memcpy
9f026390 T memmove
9f0263f4 T memcmp
9f02642c T strstr
9f0264e8 T memchr
9f026514 T strdup
9f026590 T simple_strtoul
9f026660 T simple_strtol
9f0266b0 t number
9f0268f4 T panic
9f02697c T vsprintf
9f026e3c T sprintf
9f026e80 t falloc
9f026eb0 t ffree
9f026eb8 t inflate_trees_free
9f026f18 t huft_build
9f02750c t inflate_trees_fixed
9f027744 t inflate_blocks_reset
9f027878 T inflateEnd
9f027940 T inflateReset
9f0279b4 T inflateSync
9f027ae4 T inflateInit2
9f027c84 T inflateInit
9f027c9c T adler32
9f027dfc T inflateIncomp
9f027f80 t inflate_flush
9f028148 T inflate
9f029df0 T lzma_inflate
9f02a0b0 T LzmaDecode
9f02accc T LzmaDecodeProperties
9f02ada0 t dummy
9f02ada8 T get_version
9f02adb0 T jumptable_init
9f02ae60 T wasp_gpio_config
9f02ae68 T checkboard
9f02aea4 T wasp_usb_initial_config
9f02aff4 T wasp_mem_config
9f02b0b0 T initdram
9f02b0d0 t ar7240_pci_read_config
9f02b0fc t ar7240_pci_write_config
9f02b128 T plat_dev_init
9f02b2d4 T pci_init_board
9f02b630 T ar7240_ddr_tap_set
9f02b660 T ar7240_ddr_find_size
9f02b6a4 T wasp_ddr_initial_config
9f02bca0 t ag7240_halt
9f02bcec T ag7240_mac_addr_loc
9f02bcf4 T ag7240_miiphy_write
9f02befc T ag7240_miiphy_read
9f02c168 T ag7240_mii_setup
9f02c25c t ag7240_alloc_fifo
9f02c30c T ag7240_enet_initialize
9f02cc20 t ag7240_recv
9f02cd6c t ag7240_send
9f02cec8 t ag7240_clean_rx
9f02d590 T athr_enable_linkIntrs
9f02d598 T athr_disable_linkIntrs
9f02d5a0 T athr_reg_init
9f02d5a8 T athr_phy_is_up
9f02d6d0 T athr_phy_is_link_alive
9f02d728 T athr_phy_is_fdx
9f02d814 T athr_phy_speed
9f02da28 T athr_auto_neg
9f02dc00 T athr_phy_setup
9f02dd50 r C.79.2911
9f02ddc0 r crc16_tab
9f02dfc0 R version_string
9f02dff0 R otherpattern
9f02dff8 r pattern
9f02e07c r spinner
9f02e080 r year_lengths.2109
9f02e088 r mon_lengths.2108
9f02e0e8 r mon_name.2086
9f02e10c r day_name.2085
9f02e130 r huffman_order
9f02e210 r __FUNCTION__.2356
9f02e21c r __FUNCTION__.2312
9f02e228 r __FUNCTION__.2337
9f02e240 r C.19.2054
9f02e270 r crc_table
9f02e6e4 r border
9f02e730 r inflate_mask
9f02e780 r __func__.2446
9f02e790 r __func__.2040
9f02e7b0 r __func__.3461
9f02e7c4 r __func__.3409
9f02e7d8 r __func__.3240
9f036700 D load_addr
9f036710 d do_echo
9f036720 D dp_last_length
9f036730 D ShortPCIListing
9f036740 d trim_threshold
9f036744 d mmap_threshold
9f036748 d sbrk_base
9f036750 D default_environment
9f0369d0 D env_ptr
9f0369e0 d zm_out
9f0369f0 d erase_seq
9f0369f4 d tab_seq
9f036a00 D kernel_crc_addr
9f036a04 D rootfs_crc_addr
9f036a08 D kernel_lenth_addr
9f036a0c D rootfs_lenth_addr
9f036a10 D kernel2_crc_addr
9f036a14 D rootfs2_crc_addr
9f036a18 D kernel2_lenth_addr
9f036a1c D rootfs2_lenth_addr
9f036a20 D kernel_crc_start
9f036a24 D rootfs_crc_start
9f036a28 D boot_flag_addr
9f036a2c D boot_mark_addr
9f036a30 D kernel2_crc_start
9f036a34 D rootfs2_crc_start
9f036a38 D magic_begin
9f036a3c D magic_end
9f036a40 D NetBcastAddr
9f036a46 D NetOurVLAN
9f036a48 D NetOurNativeVLAN
9f036a50 d nfs_offset
9f036a60 d month_days
9f036a90 D _ctype
9f036b90 d cplens
9f036c0c d cplext
9f036c88 d cpdist
9f036d00 d cpdext
9f036d78 d fixed_left
9f036d80 D tap_settings
9f036d8c D tap_pattern
9f036da0 d athrPhyInfo
9f036e30 D op_table
9f036e98 D reg_0_5_desc_tbl
9f036ec8 D reg_0_desc_tbl
9f036f40 D reg_1_desc_tbl
9f037000 D reg_2_desc_tbl
9f03700c D reg_3_desc_tbl
9f037030 D reg_4_desc_tbl
9f0370c0 D reg_5_desc_tbl
9f037150 D stdio_names
9f03715c d av_
9f037564 D env_get_char
9f037568 D env_name_spec
9f03756c d reserved_list
9f0375f0 D zlib_version
9f0375f4 D z_errmsg
9f037614 d mtdids_default
9f037618 d mtdparts_default
9f03761c d failed
9f037620 d compr_names
9f03763c d l.2609
9f037640 d kCantAllocateMessage
9f037644 D desc_and_len_tbl
9f037674 D init_sequence
9f0376a0 A __got_start
9f0376a0 A _gp
9f0376a0 D _GLOBAL_OFFSET_TABLE_
9f037ce4 A __got_end
9f037ce4 A __u_boot_cmd_start
9f037ce4 D __u_boot_cmd_autoscr
9f037cfc D __u_boot_cmd_bdinfo
9f037d14 D __u_boot_cmd_go
9f037d2c D __u_boot_cmd_reset
9f037d44 D __u_boot_cmd_bootm
9f037d5c D __u_boot_cmd_boot
9f037d74 D __u_boot_cmd_bootd
9f037d8c D __u_boot_cmd_iminfo
9f037da4 D __u_boot_cmd_imls
9f037dbc D __u_boot_cmd_coninfo
9f037dd4 D __u_boot_cmd_bootelf
9f037dec D __u_boot_cmd_bootvx
9f037e04 D __u_boot_cmd_flinfo
9f037e1c D __u_boot_cmd_protect
9f037e34 D __u_boot_cmd_erase
9f037e4c D __u_boot_cmd_itest
9f037e64 D __u_boot_cmd_fsload
9f037e7c D __u_boot_cmd_ls
9f037e94 D __u_boot_cmd_fsinfo
9f037eac D __u_boot_cmd_chpart
9f037ec4 D __u_boot_cmd_mtdparts
9f037edc D __u_boot_cmd_loads
9f037ef4 D __u_boot_cmd_loadb
9f037f0c D __u_boot_cmd_loady
9f037f24 D __u_boot_cmd_cmp
9f037f3c D __u_boot_cmd_crc32
9f037f54 D __u_boot_cmd_base
9f037f6c D __u_boot_cmd_loop
9f037f84 D __u_boot_cmd_md
9f037f9c D __u_boot_cmd_mm
9f037fb4 D __u_boot_cmd_nm
9f037fcc D __u_boot_cmd_mw
9f037fe4 D __u_boot_cmd_mtest
9f037ffc D __u_boot_cmd_cp
9f038014 D __u_boot_cmd_mii
9f03802c D __u_boot_cmd_progmac
9f038044 D __u_boot_cmd_sleep
9f03805c D __u_boot_cmd_bootp
9f038074 D __u_boot_cmd_rarpboot
9f03808c D __u_boot_cmd_tftpboot
9f0380a4 D __u_boot_cmd_dhcp
9f0380bc D __u_boot_cmd_nfs
9f0380d4 D __u_boot_cmd_ping
9f0380ec D __u_boot_cmd_sntp
9f038104 D __u_boot_cmd_printenv
9f03811c D __u_boot_cmd_setenv
9f038134 D __u_boot_cmd_saveenv
9f03814c D __u_boot_cmd_run
9f038164 D __u_boot_cmd_pci
9f03817c D __u_boot_cmd_ethreg
9f038194 D __u_boot_cmd_pll
9f0381ac D __u_boot_cmd_srifpll
9f0381c4 D __u_boot_cmd_version
9f0381dc D __u_boot_cmd_echo
9f0381f4 D __u_boot_cmd_test
9f03820c D __u_boot_cmd_exit
9f038224 D __u_boot_cmd_help
9f03823c D __u_boot_cmd_question_mark
9f038254 A __u_boot_cmd_end
9f038254 A uboot_end_data
9f038260 b current_dev
9f038264 b current_partnum
9f038268 b initialized.2939
9f03826c b last_ids
9f0382ec b last_parts
9f0384ec b last_partition
9f038500 b a_b
9f038518 b os_data_state
9f03851c b os_data_state_saved
9f038520 b os_data_count_saved
9f038524 b os_data_addr
9f038528 b os_data_addr_saved
9f03852c b bin_start_address
9f038530 b k_data_escape
9f038534 b k_data_escape_saved
9f038540 b base_address
9f038550 b reg
9f038554 b val
9f038558 b portnum
9f038560 b ctrlc_was_pressed
9f038564 b ctrlc_disabled
9f038570 B devlist
9f038574 B stdio_devices
9f038580 b top_pad
9f038584 b n_mmaps_max
9f038588 b current_mallinfo
9f0385b0 b max_sbrked_mem
9f0385b4 b max_total_mem
9f0385c0 b top_vars
9f0385c4 b flag_repeat
9f0385c8 b do_repeat
9f0385cc b the_command.2335
9f0387cc b buf.2770
9f0387f4 b local.2307
9f03880c b ifs
9f038810 b map
9f038910 b mii_devs
9f038918 b current_mii
9f038920 b xyz
9f038d5c b zm_buf
9f03955c b zm_bp
9f039560 b mem_malloc_start
9f039564 b mem_malloc_end
9f039568 b mem_malloc_brk
9f039570 b linux_argc
9f039574 b linux_argv
9f039578 b linux_env
9f03957c b linux_env_p
9f039580 b linux_env_idx
9f039590 b ids.2953
9f0395a0 b hose_head
9f0395b0 b stream
9f0395f0 b current_part
9f039600 B NetOurSubnetMask
9f039604 B NetOurGatewayIP
9f039608 B NetOurDNSIP
9f03960c B NetOurNISDomain
9f03962c B NetOurHostName
9f03964c B NetOurRootPath
9f03968c B NetBootFileSize
9f039690 B NetServerEther
9f039698 B NetEtherNullAddr
9f0396a0 B NetRestartWrap
9f0396a4 B NetTimeOffset
9f0396a8 B NetTxPacket
9f0396ac b mac.2594
9f0396b4 b NetRestarted
9f0396b8 b NetDevExists
9f0396bc b packetHandler
9f0396c0 b timeHandler
9f0396c4 b timeStart
9f0396c8 b timeDelta
9f0396cc b PingSeqNo
9f0396d0 b TftpServerPort
9f0396d4 b TftpOurPort
9f0396d8 b TftpTimeoutCount
9f0396dc b TftpBlock
9f0396e0 b TftpLastBlock
9f0396e4 b TftpBlockWrap
9f0396e8 b TftpBlockWrapOffset
9f0396ec b TftpState
9f0396f0 b default_filename
9f039700 b tftp_filename
9f039710 B dhcp_state
9f039714 B dhcp_leasetime
9f039718 B NetDHCPServerIP
9f039720 b first_failed.2515
9f039724 b eth_devices
9f039728 b eth_current
9f039730 b rpc_id
9f039734 b fs_mounted
9f039738 b nfs_len
9f03973c b dirfh
9f03975c b filefh
9f03977c b NfsDownloadState
9f039780 b NfsServerIP
9f039784 b NfsSrvMountPort
9f039788 b NfsSrvNfsPort
9f03978c b NfsOurPort
9f039790 b NfsTimeoutCount
9f039794 b NfsState
9f039798 b default_filename
9f0397d8 b nfs_filename
9f0397dc b nfs_path
9f0397e0 b nfs_path_buff
9f039fe0 b SntpOurPort
9f039ff0 b fixed_lock
9f039ff4 b fixed_built
9f039ff8 b fixed_mem
9f03b088 b fixed_bl
9f03b08c b fixed_bd
9f03b090 b fixed_tl
9f03b094 b fixed_td
9f03b0a0 b rpos
9f03b0b0 b hose
9f03b190 B header
9f03b1d0 B os_data_header
9f03b1f0 B send_parms
9f03b204 B console_buffer
9f03b404 B flash_info
9f03b910 B config_magic_data
9f04b910 B super
9f04b95c B NetRxPackets
9f04b99c B BootFile
9f04ba1c B NetArpWaitPacketBuf
9f04c03c B PktBuf
9f05265c A uboot_end
9f05265c C mtdids
9f052664 C devices
9f05266c C his_pad_char
9f052670 C os_data_count
9f052674 C os_data_init
9f052678 C send_ptr
9f05267c C os_data_char
9f052680 C his_eol
9f052681 C his_quote
9f052684 C his_pad_count
9f052688 C dp_last_size
9f05268c C dp_last_addr
9f052690 C mm_last_size
9f052694 C mm_last_addr
9f052698 C last_reg_hi
9f05269c C last_data
9f0526a0 C last_addr_hi
9f0526a4 C last_reg_lo
9f0526a8 C last_op
9f0526ac C last_addr_lo
9f0526b0 C nesting_level
9f0526b4 C last_return_code
9f0526b8 C monitor_flash_len
9f0526bc C NetNtpServerIP
9f0526c0 C NetArpWaitTry
9f0526c4 C NetArpWaitPacketMAC
9f0526c8 C NetOurEther
9f0526d0 C NetOurIP
9f0526d4 C NetPingIP
9f0526d8 C NetServerIP
9f0526dc C NetArpWaitTxPacketSize
9f0526e0 C NetArpWaitReplyIP
9f0526e4 C NetArpWaitTxPacket
9f0526e8 C NetArpWaitPacketIP
9f0526ec C NetState
9f0526f0 C NetIPID
9f0526f4 C NetRxPkt
9f0526f8 C NetRxPktLen
9f0526fc C NetBootFileXferSize
9f052700 C NetArpWaitTimerStart
9f052704 C BootpTry
9f052708 C BootpID
9f05270c C RarpTry
9f052710 C ___strtok
9f052714 C ag7240_macs
