00000161 A num_got_entries
9f000000 T _start
9f000400 t reset
9f0004e0 t rel_start
9f00054c T relocate_code
9f0005a8 t in_ram
9f000608 T ath_ddr_tap_cal
9f000668 t _poll_for_RTC_ON
9f000674 t _CHANGE_TAPS
9f00071c t _bist_done_poll
9f000764 t pass_tap
9f0007b8 t _first_pass
9f0007d8 t _iterate_tap
9f000800 t _STOP_TEST
9f00081c t _load_center_tap
9f00083c t _load_tap_into_reg
9f000858 t romReserved
9f00085c t romExcHandle
9f000860 T autoscript
9f000a58 T do_autoscript
9f000ad0 T do_bdinfo
9f000c50 T do_go
9f000d70 T gunzip
9f000f54 t zfree
9f000f6c t zalloc
9f000f90 T print_image_hdr
9f001398 t image_info
9f0014dc T do_iminfo
9f0015c4 T do_bootd
9f001614 T do_bootm
9f001e30 T do_coninfo
9f001fd0 T valid_elf_image
9f00204c T load_elf_image
9f0021d4 T do_bootvx
9f002470 T do_bootelf
9f002590 t flash_fill_sect_ranges
9f002730 T flash_sect_protect
9f002890 t addr_spec
9f002a30 t abbrev_spec
9f002bf4 T do_protect
9f002fa8 T flash_sect_erase
9f0030d8 T do_flerase
9f00331c T do_flinfo
9f0033c0 t evalexp
9f003444 T binary_test
9f0036f8 T do_itest
9f0037f0 T do_mem_base
9f00385c T do_mem_crc
9f003988 T do_mem_mtest
9f003b6c T cmd_get_data_size
9f003c18 T do_mem_loop
9f003d88 T do_mem_cp
9f003f60 T do_mem_cmp
9f004178 T do_mem_mw
9f0042c8 t mod_mem
9f0044f0 T do_mem_nm
9f004538 T do_mem_mm
9f004580 T do_mem_md
9f004840 t extract_range
9f0048cc T MII_dump_0_to_5
9f004c14 T do_mac
9f004db4 T do_mii
9f005430 T do_sleep
9f005530 T do_ping
9f0055fc t netboot_common
9f0059ac T do_nfs
9f0059cc T do_dhcp
9f0059ec T do_tftpb
9f005a0c T do_rarpb
9f005a2c T do_bootp
9f005a50 t envmatch
9f005b0c T getenv_r
9f005c48 T do_saveenv
9f005c9c T getenv
9f005d94 T _do_setenv
9f006504 T do_setenv
9f00656c T setenv
9f0065c0 T do_printenv
9f006840 t pci_classes_str
9f0069ec T pci_header_show
9f0077c8 T pci_header_show_brief
9f007890 T pciinfo
9f007a54 t pci_cfg_write
9f007abc t pci_cfg_modify
9f007cac T do_pci
9f008200 T do_ethreg
9f0084d0 T do_pll
9f00870c T do_srifpll
9f0088c0 T find_cmd
9f0089c0 T do_echo
9f008abc T do_help
9f008d38 T do_version
9f008d78 T do_exit
9f008dcc T do_test
9f009570 t console_setfile
9f009650 T fgetc
9f00968c T ftstc
9f0096c8 T fputc
9f009704 T fputs
9f00973c T disable_ctrlc
9f009758 T had_ctrlc
9f009770 T clear_ctrlc
9f009788 T dbg
9f009798 T console_init_f
9f0097a8 T console_assign
9f0098c8 T fprintf
9f00993c T puts
9f009970 T vprintf
9f0099c8 T printf
9f009a34 T console_init_r
9f009ca0 T serial_printf
9f009d0c T putc
9f009d44 T tstc
9f009d74 T getc
9f009da4 T ctrlc
9f009e30 T devices_done
9f009e6c T device_register
9f009eb0 T devices_init
9f009fc0 T malloc_bin_reloc
9f00a004 T malloc_usable_size
9f00a05c T mallopt
9f00a0f0 T malloc_trim
9f00a210 T free
9f00a460 T cfree
9f00a478 T malloc
9f00ab50 T memalign
9f00acd4 T pvalloc
9f00acf8 T valloc
9f00ad14 T calloc
9f00ae20 T realloc
9f00b360 T env_get_char_memory
9f00b394 T env_get_addr
9f00b3c0 t env_get_char_init
9f00b3f0 T env_crc_update
9f00b440 T env_relocate
9f00b530 T env_get_char_spec
9f00b540 T env_relocate_spec
9f00b564 T saveenv
9f00b68c T env_init
9f00b710 T simple_itoa
9f00b760 t static_get
9f00b77c t static_peek
9f00b788 t file_peek
9f00b794 T mapset
9f00b7c8 T u_boot_hush_start
9f00b874 t file_get
9f00bb04 t xmalloc
9f00bb54 T new_pipe
9f00bba0 t free_pipe_list
9f00bd00 t xrealloc
9f00bd50 t done_command
9f00be10 t initialize_context
9f00be74 t done_pipe
9f00bf08 T reserved_word
9f00c118 t b_addchr
9f00c1dc t done_word
9f00c3ec t b_addqchr
9f00c484 t insert_var_value
9f00c748 t set_local_var
9f00c9cc T update_ifs_map
9f00ca78 t parse_stream_outer
9f00d250 T parse_file_outer
9f00d2b4 T parse_string_outer
9f00d424 t run_list_real
9f00dea0 T GetHandleSize
9f00dea8 T ListSetAllocationPolicy
9f00deb8 T ListGetPtrToItem
9f00def4 T ListGetDataPtr
9f00df00 T ListGetItemSize
9f00df0c T ListNumItems
9f00df18 T ListGetItems
9f00df70 T SetHandleSize
9f00e024 T ListInsertItems
9f00e254 T ListInsertItem
9f00e26c T DisposeHandle
9f00e2c8 T ListDispose
9f00e2e0 T NewHandle
9f00e38c T ListCreate
9f00e410 T miiphy_init
9f00e438 T miiphy_get_current_dev
9f00e460 T miiphy_listdev
9f00e52c T miiphy_write
9f00e5f0 T miiphy_read
9f00e6b0 T miiphy_link
9f00e754 T miiphy_duplex
9f00e830 T miiphy_speed
9f00e90c T miiphy_reset
9f00ea48 T miiphy_info
9f00eb94 T miiphy_set_current_dev
9f00ec34 T miiphy_register
9f00ede0 T addr2info
9f00ee30 T flash_perror
9f00ef64 T flash_protect
9f00f128 T flash_write
9f00f2c0 t part_error
9f00f360 t show_cursor
9f00f398 t partool_show_cb
9f00f3d8 t partool_init
9f00f500 t partool_delete
9f00f594 t partool_empty
9f00f5f8 t partool_write
9f00f7f8 t partool_read
9f00f918 t partool_show_byname
9f00f9d0 t partool_show_all
9f00fa58 t partool_crc
9f00fb60 T partool_new
9f00fc0c T partool_show_byname_api
9f00fcfc T partool_clean
9f00fd40 T partool_main
9f010190 T do_run
9f01025c T run_command
9f0107b0 t delete_char
9f010914 T readline
9f010bcc T main_loop
9f010da0 t __os_crc32
9f010e48 T part_block_is_good
9f010ea0 T part_var_foreach
9f010f70 t part_cursor_free
9f010fd8 t part_item_free
9f011038 T part_var_delete
9f011128 t part_block_free_only
9f0111d8 t os_memcpy
9f011204 t part_cursor_init
9f011314 t part_item_new
9f0113b8 T __part_var_create
9f011558 T part_var_find
9f011638 T part_block_write
9f0116fc T part_block_read
9f0117c0 t part_block_crc_read
9f011908 t part_block_crc
9f0119b4 T part_block_crc_get
9f011a58 t os_dump_line
9f012100 t part_block_dump
9f01220c t part_xor
9f0122c8 t part_low_read
9f012394 T __part_block_free
9f0126b0 t __char_is
9f012704 t part_line_read
9f012a4c T part_block_create
9f012e1c t is_separator
9f012e60 t ar7240_spi_poll
9f012eec T write_buff
9f013154 T flash_erase
9f013388 T flash_print_info
9f0133a4 T flash_init
9f013800 T athrs27_reg_write
9f01396c T athrs27_reg_read
9f013ae0 T athrs27_mdc_check
9f013b58 T s27_wr_phy
9f013c74 T athrs27_force_100M
9f013d38 T athrs27_sleep_off
9f013d8c T athrs27_powersave_off
9f013de0 T athrs27_force_10M
9f013e4c T s27_rd_phy
9f013f64 T athrs27_phy_is_up
9f0140fc T athrs27_phy_is_link_alive
9f01414c T athrs27_reg_rmw
9f0141a0 T athrs27_reg_init
9f0141f4 T athrs27_phy_speed
9f014398 T athrs27_phy_is_fdx
9f014498 T athrs27_phy_setup
9f0146e0 T athrs27_reg_init_lan
9f014910 T ar934x_lowlevel_init
9f014910 T lowlevel_init
9f01494c t setup_ref40_val
9f014960 t setup_ref25_val
9f0149a4 t read_from_flash
9f0149bc t pll_bypass_set
9f014a1c t init_cpu_pll
9f014a30 t init_ddr_pll
9f014a44 t init_ahb_pll
9f014a58 t pll_pwd_unset
9f014a9c t outdiv_unset
9f014ae0 t pll_bypass_unset
9f014b40 t ddr_pll_dither_unset
9f014b4c t cpu_pll_dither_unset
9f014b70 T ar934x_1_dot_1_lowlevel_init
9f014be8 t setup_ref40_val
9f014c04 t setup_ref25_val
9f014c6c t read_from_flash
9f014c84 t pll_bypass_set
9f014ce4 t init_cpu_pll
9f014cf4 t init_ddr_pll
9f014d08 t init_ahb_pll
9f014d1c t pll_pwd_unset
9f014d1c t srif_set
9f014d84 t read_srif_from_flash
9f014da0 t cpu_pll_is_not_locked
9f014e0c t cpu_clear_do_meas1
9f014e28 t cpu_set_do_meas
9f014e48 t cpu_wait_for_meas_done
9f014e5c t cpu_clear_do_meas2
9f014e78 t cpu_read_sqsum_dvc
9f014eb0 t ddr_pll_is_not_locked
9f014f18 t ddr_clear_do_meas1
9f014f34 t ddr_set_do_meas
9f014f54 t ddr_wait_for_meas_done
9f014f68 t ddr_clear_do_meas2
9f014f84 t ddr_read_sqsum_dvc
9f014fb4 t pll_bypass_unset
9f015014 t ddr_pll_dither_unset
9f015020 t cpu_pll_dither_unset
9f015040 T flash_get_geom
9f0150e0 T write_one_tlb
9f015118 T flush_cache
9f015140 T do_reset
9f0151c0 T enable_interrupts
9f0151c8 T disable_interrupts
9f0151d0 T simple_mips_cache_reset
9f0151f4 t _arai_icache_loop
9f01520c t _arai_dcache_loop
9f015224 T mips_cache_reset
9f0153c8 T dcache_status
9f0153d8 T dcache_disable
9f0153f4 T mips_cache_lock
9f015450 T dcache_flush_range
9f01545c t cache_loop_d_flush_range
9f015478 T mips_cache_flush
9f015498 t cache_loop_flush
9f0154bc t cache_loop_d_flush
9f0154d8 T mips_icache_flush_ix
9f0154f8 t icache_loop_flush_ix
9f015514 T mips_cache_lock_24k
9f015534 t cache_loop_lock
9f015570 T ar7240_sys_frequency
9f0155dc T serial_init
9f015644 T serial_tstc
9f015658 T serial_getc
9f01569c T serial_putc
9f015708 T serial_setbrg
9f015710 T serial_puts
9f015770 t ag7240_halt
9f0157bc T ag7240_mac_addr_loc
9f0157c4 T ag7240_miiphy_write
9f0159cc T ag7240_miiphy_read
9f015c38 T ag7240_mii_setup
9f015d0c t ag7240_alloc_fifo
9f015dbc T ag7240_enet_initialize
9f016700 t ag7240_recv
9f01684c t ag7240_send
9f0169a8 t ag7240_clean_rx
9f017020 T sbrk
9f017074 T hang
9f0170a4 t init_func_ram
9f01713c t display_banner
9f01717c t init_baudrate
9f017204 T board_init_r
9f01757c T board_init_f
9f0177a0 T timer_init
9f0177b4 T reset_timer
9f0177c4 T get_timer
9f0177d0 T set_timer
9f0177dc T udelay
9f017838 T get_ticks
9f017844 T get_tbclk
9f017850 T wasp_set_cca
9f01786c t linux_env_set
9f017994 T do_bootm_linux
9f018220 T test_addr_bus
9f018388 T post_log
9f0183f8 T ddr_test
9f018560 T upgrade_from_media
9f018668 T part_osenv_write
9f0186fc T part_osenv_read
9f018790 T start_newsystem
9f0189f4 T crc_flash
9f018a40 T pci_hose_read_config_byte
9f018a4c T pci_hose_read_config_word
9f018a58 T pci_hose_read_config_dword
9f018a64 T pci_hose_write_config_byte
9f018a70 T pci_hose_write_config_word
9f018a7c T pci_hose_write_config_dword
9f018a88 T pci_hose_read_config_byte_via_dword
9f018af8 T pci_hose_read_config_word_via_dword
9f018b6c T pci_hose_write_config_byte_via_dword
9f018c34 T pci_hose_write_config_word_via_dword
9f018cfc T pci_register_hose
9f018d30 T pci_find_config
9f018de4 T pci_cfgfunc_do_nothing
9f018dec T pci_init
9f018e04 T pci_hose_scan_bus
9f019004 T pci_hose_scan
9f01901c T pci_hose_config_device
9f01928c T pci_cfgfunc_config_device
9f0192d0 T pci_hose_bus_to_phys
9f0193a8 T pci_hose_phys_to_bus
9f019470 T pci_bus_to_hose
9f0194e8 T pci_write_config_dword
9f019574 T pci_write_config_word
9f019600 T pci_write_config_byte
9f01968c T pci_read_config_dword
9f01971c T pci_read_config_word
9f0197b0 T pci_read_config_byte
9f019844 T pci_find_devices
9f0199b0 T pci_find_device
9f0199e0 t startAgainTimeout
9f0199fc t startAgainHandler
9f019a04 T NetSetHandler
9f019a1c T NetCksum
9f019a54 T NetCksumOk
9f019a94 T NetEthHdrSize
9f019acc T copy_filename
9f019b14 T string_to_VLAN
9f019b70 T getenv_VLAN
9f019bac T string_to_ip
9f019c68 T getenv_IPaddr
9f019ca4 T VLAN_to_string
9f019d00 T ip_to_string
9f019d58 T print_IPaddr
9f019da8 T NetSetIP
9f019ed8 T NetSetEther
9f019f88 t PingHandler
9f019fe8 T NetSendPacket
9f01a000 T ArpRequest
9f01a170 T NetReceive
9f01a6c0 T PingSend
9f01a884 T NetSetTimeout
9f01a8e8 T NetSendUDPPacket
9f01aac8 t PingTimeout
9f01ab08 T NetStartAgain
9f01ac78 T ArpTimeoutCheck
9f01ad34 T NetLoop
9f01b420 t TftpSend
9f01b62c T TftpStart
9f01b8fc t TftpTimeout
9f01b990 t TftpHandler
9f01bca0 t DhcpExtended
9f01bddc t DhcpOptionsProcess
9f01c0a4 T BootpRequest
9f01c340 T DhcpRequest
9f01c358 t BootpCopyNetParams
9f01c470 t DhcpHandler
9f01ca14 t BootpTimeout
9f01ca90 T RarpRequest
9f01cbd4 t RarpHandler
9f01cc8c t RarpTimeout
9f01cd00 T eth_get_dev
9f01cd18 T eth_get_dev_by_name
9f01cd80 T eth_get_dev_index
9f01cdd4 T eth_halt
9f01ce2c T eth_send
9f01ce60 T eth_rx
9f01ce8c T eth_get_name
9f01ceb8 T eth_set_current
9f01cf88 T eth_try_another
9f01d074 T eth_register
9f01d164 T eth_init
9f01d248 T eth_set_enetaddr
9f01d398 T eth_initialize
9f01d640 t NfsTimeout
9f01d684 t basename
9f01d6f0 t rpc_add_credentials
9f01d7f8 t rpc_lookup_reply
9f01d8b4 t nfs_mount_reply
9f01d960 t nfs_umountall_reply
9f01d9fc t nfs_lookup_reply
9f01da9c t rpc_req
9f01dbb0 t nfs_mount_req
9f01dc9c t nfs_umountall_req
9f01dd28 t nfs_lookup_req
9f01de34 t nfs_read_req
9f01def0 t nfs_readlink_req
9f01df88 t NfsSend
9f01e0d4 T NfsStart
9f01e43c t nfs_readlink_reply
9f01e584 t nfs_read_reply
9f01e6e8 t NfsHandler
9f01e9f0 T GregorianDay
9f01eb0c T to_tm
9f01ebf8 T mktime
9f01ecb0 T crc32
9f01ee40 T print_size
9f01ef24 T display_options
9f01ef70 T strnicmp
9f01eff8 T strcat
9f01f024 T strncat
9f01f078 T strchr
9f01f0a8 T strlen
9f01f0c0 T strrchr
9f01f134 T strnlen
9f01f15c T strspn
9f01f198 T strpbrk
9f01f1d0 T strtok
9f01f28c T strsep
9f01f2f0 T strswab
9f01f340 T memset
9f01f364 T memcpy
9f01f390 T memmove
9f01f3f4 T memcmp
9f01f42c T strstr
9f01f4e8 T memchr
9f01f514 T strdup
9f01f590 T simple_strtoul
9f01f660 T simple_strtol
9f01f6b0 t number
9f01f8f4 T panic
9f01f97c T vsprintf
9f01fe3c T sprintf
9f01fe80 t falloc
9f01feb0 t ffree
9f01feb8 t inflate_trees_free
9f01ff18 t huft_build
9f02050c t inflate_trees_fixed
9f020744 t inflate_blocks_reset
9f020878 T inflateEnd
9f020940 T inflateReset
9f0209b4 T inflateSync
9f020ae4 T inflateInit2
9f020c84 T inflateInit
9f020c9c T adler32
9f020dfc T inflateIncomp
9f020f80 t inflate_flush
9f021148 T inflate
9f022df0 T lzma_inflate
9f0230b0 T LzmaDecode
9f023ccc T LzmaDecodeProperties
9f023da0 t dummy
9f023da8 T get_version
9f023db0 T jumptable_init
9f023e60 T wasp_gpio_config
9f023ec8 T checkboard
9f023f04 T ath_set_tuning_caps
9f023fa0 T wasp_usb_initial_config
9f0240f0 T wasp_mem_config
9f0241d8 T initdram
9f0241f0 t ar7240_pci_read_config
9f02421c t ar7240_pci_write_config
9f024248 T plat_dev_init
9f0243f4 T pci_init_board
9f024b58 T __print_llx
9f024c70 T ar7240_ddr_tap_set
9f024ca0 T ar7240_ddr_find_size
9f024ce4 T wasp_ddr_initial_config
9f0253e0 T __udivdi3
9f025920 T __umoddi3
9f025f60 r C.79.2881
9f025f80 r C.59.2614
9f026380 r __func__.2658
9f02638c r __func__.2639
9f026398 r __func__.2418
9f0263b0 r __func__.3435
9f0263c4 r __func__.3383
9f0263d8 r __func__.3214
9f0263f0 R version_string
9f026420 R otherpattern
9f026428 r pattern
9f026520 r C.19.2024
9f026550 r crc_table
9f0269c4 r border
9f026a10 r inflate_mask
9f026a60 r __func__.2446
9f026a70 r __func__.2010
9f026a90 R __clz_tab
9f02d610 D load_addr
9f02d620 D dp_last_length
9f02d630 D ShortPCIListing
9f02d640 d trim_threshold
9f02d644 d mmap_threshold
9f02d648 d sbrk_base
9f02d650 D default_environment
9f02d8d0 D env_ptr
9f02d8e0 d erase_seq
9f02d8e4 d tab_seq
9f02d8f0 d athrPhyInfo
9f02d980 D NetBcastAddr
9f02d986 D NetOurVLAN
9f02d988 D NetOurNativeVLAN
9f02d990 d nfs_offset
9f02d9a0 d month_days
9f02d9d0 D _ctype
9f02dad0 d cplens
9f02db4c d cplext
9f02dbc8 d cpdist
9f02dc40 d cpdext
9f02dcb8 d fixed_left
9f02dcc0 D tap_settings
9f02dccc D tap_pattern
9f02dce0 D op_table
9f02dd48 D reg_0_5_desc_tbl
9f02dd78 D reg_0_desc_tbl
9f02ddf0 D reg_1_desc_tbl
9f02deb0 D reg_2_desc_tbl
9f02debc D reg_3_desc_tbl
9f02dee0 D reg_4_desc_tbl
9f02df70 D reg_5_desc_tbl
9f02e000 D stdio_names
9f02e00c d av_
9f02e414 D env_get_char
9f02e418 D env_name_spec
9f02e41c d reserved_list
9f02e4a0 D zlib_version
9f02e4a4 D z_errmsg
9f02e4c4 D desc_and_len_tbl
9f02e4f4 D init_sequence
9f02e518 d part_info
9f02e530 d failed
9f02e534 d C.21.2018
9f02e54c d C.19.2008
9f02e560 d kCantAllocateMessage
9f02e5a0 A __got_start
9f02e5a0 A _gp
9f02e5a0 D _GLOBAL_OFFSET_TABLE_
9f02eb24 A __got_end
9f02eb24 A __u_boot_cmd_start
9f02eb24 D __u_boot_cmd_autoscr
9f02eb3c D __u_boot_cmd_bdinfo
9f02eb54 D __u_boot_cmd_go
9f02eb6c D __u_boot_cmd_reset
9f02eb84 D __u_boot_cmd_bootm
9f02eb9c D __u_boot_cmd_boot
9f02ebb4 D __u_boot_cmd_bootd
9f02ebcc D __u_boot_cmd_iminfo
9f02ebe4 D __u_boot_cmd_coninfo
9f02ebfc D __u_boot_cmd_bootelf
9f02ec14 D __u_boot_cmd_bootvx
9f02ec2c D __u_boot_cmd_flinfo
9f02ec44 D __u_boot_cmd_protect
9f02ec5c D __u_boot_cmd_erase
9f02ec74 D __u_boot_cmd_itest
9f02ec8c D __u_boot_cmd_cmp
9f02eca4 D __u_boot_cmd_crc32
9f02ecbc D __u_boot_cmd_base
9f02ecd4 D __u_boot_cmd_loop
9f02ecec D __u_boot_cmd_md
9f02ed04 D __u_boot_cmd_mm
9f02ed1c D __u_boot_cmd_nm
9f02ed34 D __u_boot_cmd_mw
9f02ed4c D __u_boot_cmd_mtest
9f02ed64 D __u_boot_cmd_cp
9f02ed7c D __u_boot_cmd_mii
9f02ed94 D __u_boot_cmd_progmac
9f02edac D __u_boot_cmd_sleep
9f02edc4 D __u_boot_cmd_bootp
9f02eddc D __u_boot_cmd_rarpboot
9f02edf4 D __u_boot_cmd_tftpboot
9f02ee0c D __u_boot_cmd_dhcp
9f02ee24 D __u_boot_cmd_nfs
9f02ee3c D __u_boot_cmd_ping
9f02ee54 D __u_boot_cmd_printenv
9f02ee6c D __u_boot_cmd_setenv
9f02ee84 D __u_boot_cmd_saveenv
9f02ee9c D __u_boot_cmd_run
9f02eeb4 D __u_boot_cmd_pci
9f02eecc D __u_boot_cmd_ethreg
9f02eee4 D __u_boot_cmd_pll
9f02eefc D __u_boot_cmd_srifpll
9f02ef14 D __u_boot_cmd_version
9f02ef2c D __u_boot_cmd_echo
9f02ef44 D __u_boot_cmd_test
9f02ef5c D __u_boot_cmd_exit
9f02ef74 D __u_boot_cmd_help
9f02ef8c D __u_boot_cmd_question_mark
9f02efa4 D __u_boot_cmd_partool
9f02efbc A __u_boot_cmd_end
9f02efbc A uboot_end_data
9f02efc0 b base_address
9f02efd0 b reg
9f02efd4 b val
9f02efd8 b rd_value
9f02efdc b portnum
9f02efe0 b ctrlc_was_pressed
9f02efe4 b ctrlc_disabled
9f02eff0 B devlist
9f02eff4 B stdio_devices
9f02f000 b top_pad
9f02f004 b n_mmaps_max
9f02f008 b current_mallinfo
9f02f030 b max_sbrked_mem
9f02f034 b max_total_mem
9f02f040 b top_vars
9f02f044 b flag_repeat
9f02f048 b do_repeat
9f02f04c b the_command.2305
9f02f24c b buf.2740
9f02f274 b local.2277
9f02f28c b ifs
9f02f290 b map
9f02f390 b mii_devs
9f02f398 b current_mii
9f02f3a0 b partool_size
9f02f3a4 b blk
9f02f3a8 b part_tmp
9f03f3b0 B __partool_debug
9f03f3b4 b boot_block
9f04f3f0 b mem_malloc_start
9f04f3f4 b mem_malloc_end
9f04f3f8 b mem_malloc_brk
9f04f400 b linux_argc
9f04f404 b linux_argv
9f04f408 b linux_env
9f04f40c b linux_env_p
9f04f410 b linux_env_idx
9f04f420 b ids.2923
9f04f430 b hose_head
9f04f440 B NetOurSubnetMask
9f04f444 B NetOurGatewayIP
9f04f448 B NetOurDNSIP
9f04f44c B NetOurNISDomain
9f04f46c B NetOurHostName
9f04f48c B NetOurRootPath
9f04f4cc B NetBootFileSize
9f04f4d0 B NetServerEther
9f04f4d8 B NetEtherNullAddr
9f04f4e0 B NetRestartWrap
9f04f4e4 B NetTxPacket
9f04f4e8 b mac.2543
9f04f4f0 b NetRestarted
9f04f4f4 b NetDevExists
9f04f4f8 b packetHandler
9f04f4fc b timeHandler
9f04f500 b timeStart
9f04f504 b timeDelta
9f04f508 b PingSeqNo
9f04f510 b TftpServerPort
9f04f514 b TftpOurPort
9f04f518 b TftpTimeoutCount
9f04f51c b TftpBlock
9f04f520 b TftpLastBlock
9f04f524 b TftpBlockWrap
9f04f528 b TftpBlockWrapOffset
9f04f52c b TftpState
9f04f530 b default_filename
9f04f540 b tftp_filename
9f04f550 B dhcp_state
9f04f554 B dhcp_leasetime
9f04f558 B NetDHCPServerIP
9f04f560 b first_failed.2483
9f04f564 b eth_devices
9f04f568 b eth_current
9f04f570 b rpc_id
9f04f574 b fs_mounted
9f04f578 b nfs_len
9f04f57c b dirfh
9f04f59c b filefh
9f04f5bc b NfsDownloadState
9f04f5c0 b NfsServerIP
9f04f5c4 b NfsSrvMountPort
9f04f5c8 b NfsSrvNfsPort
9f04f5cc b NfsOurPort
9f04f5d0 b NfsTimeoutCount
9f04f5d4 b NfsState
9f04f5d8 b default_filename
9f04f618 b nfs_filename
9f04f61c b nfs_path
9f04f620 b nfs_path_buff
9f04fe20 b fixed_lock
9f04fe24 b fixed_built
9f04fe28 b fixed_mem
9f050eb8 b fixed_bl
9f050ebc b fixed_bd
9f050ec0 b fixed_tl
9f050ec4 b fixed_td
9f050ed0 b rpos
9f050ee0 b hose
9f050fc0 B header
9f051000 B console_buffer
9f051200 B flash_info
9f05170c B partool_cmd_tmp
9f051b0c B NetRxPackets
9f051b4c B BootFile
9f051bcc B NetArpWaitPacketBuf
9f0521ec B PktBuf
9f05880c A uboot_end
9f05880c C dp_last_size
9f058810 C dp_last_addr
9f058814 C mm_last_size
9f058818 C mm_last_addr
9f05881c C last_reg_hi
9f058820 C last_data
9f058824 C last_addr_hi
9f058828 C last_reg_lo
9f05882c C last_op
9f058830 C last_addr_lo
9f058834 C nesting_level
9f058838 C last_return_code
9f05883c C ag7240_macs
9f058844 C monitor_flash_len
9f058848 C NetArpWaitTry
9f05884c C NetArpWaitPacketMAC
9f058850 C NetOurEther
9f058858 C NetOurIP
9f05885c C NetPingIP
9f058860 C NetServerIP
9f058864 C NetArpWaitTxPacketSize
9f058868 C NetArpWaitReplyIP
9f05886c C NetArpWaitTxPacket
9f058870 C NetArpWaitPacketIP
9f058874 C NetState
9f058878 C NetIPID
9f05887c C NetRxPkt
9f058880 C NetRxPktLen
9f058884 C NetBootFileXferSize
9f058888 C NetArpWaitTimerStart
9f05888c C BootpTry
9f058890 C BootpID
9f058894 C RarpTry
9f058898 C ___strtok
